Component: ARM Compiler 5.06 update 6 (build 750) Tool: armlink [4d35ed]

==============================================================================

Section Cross References

    startup_stm32f103xb.o(RESET) refers to startup_stm32f103xb.o(STACK) for __initial_sp
    startup_stm32f103xb.o(RESET) refers to startup_stm32f103xb.o(.text) for Reset_Handler
    startup_stm32f103xb.o(RESET) refers to stm32f1xx_it.o(i.NMI_Handler) for NMI_Handler
    startup_stm32f103xb.o(RESET) refers to stm32f1xx_it.o(i.HardFault_Handler) for HardFault_Handler
    startup_stm32f103xb.o(RESET) refers to stm32f1xx_it.o(i.MemManage_Handler) for MemManage_Handler
    startup_stm32f103xb.o(RESET) refers to stm32f1xx_it.o(i.BusFault_Handler) for BusFault_Handler
    startup_stm32f103xb.o(RESET) refers to stm32f1xx_it.o(i.UsageFault_Handler) for UsageFault_Handler
    startup_stm32f103xb.o(RESET) refers to stm32f1xx_it.o(i.SVC_Handler) for SVC_Handler
    startup_stm32f103xb.o(RESET) refers to stm32f1xx_it.o(i.DebugMon_Handler) for DebugMon_Handler
    startup_stm32f103xb.o(RESET) refers to stm32f1xx_it.o(i.PendSV_Handler) for PendSV_Handler
    startup_stm32f103xb.o(RESET) refers to stm32f1xx_it.o(i.SysTick_Handler) for SysTick_Handler
    startup_stm32f103xb.o(RESET) refers to stm32f1xx_it.o(i.TIM4_IRQHandler) for TIM4_IRQHandler
    startup_stm32f103xb.o(.text) refers to system_stm32f1xx.o(i.SystemInit) for SystemInit
    startup_stm32f103xb.o(.text) refers to entry.o(.ARM.Collect$$$$00000000) for __main
    main.o(i.SystemClock_Config) refers to memseta.o(.text) for __aeabi_memclr4
    main.o(i.SystemClock_Config) refers to stm32f1xx_hal_rcc.o(i.HAL_RCC_OscConfig) for HAL_RCC_OscConfig
    main.o(i.SystemClock_Config) refers to stm32f1xx_hal_rcc.o(i.HAL_RCC_ClockConfig) for HAL_RCC_ClockConfig
    main.o(i.main) refers to stm32f1xx_hal.o(i.HAL_Init) for HAL_Init
    main.o(i.main) refers to main.o(i.SystemClock_Config) for SystemClock_Config
    main.o(i.main) refers to gpio.o(i.MX_GPIO_Init) for MX_GPIO_Init
    main.o(i.main) refers to tim.o(i.MX_TIM1_Init) for MX_TIM1_Init
    main.o(i.main) refers to usart.o(i.MX_USART1_UART_Init) for MX_USART1_UART_Init
    main.o(i.main) refers to tim.o(i.MX_TIM4_Init) for MX_TIM4_Init
    main.o(i.main) refers to app.o(i.App_Init) for App_Init
    main.o(i.main) refers to app.o(i.App_Step) for App_Step
    gpio.o(i.MX_GPIO_Init) refers to stm32f1xx_hal_gpio.o(i.HAL_GPIO_WritePin) for HAL_GPIO_WritePin
    gpio.o(i.MX_GPIO_Init) refers to stm32f1xx_hal_gpio.o(i.HAL_GPIO_Init) for HAL_GPIO_Init
    tim.o(i.HAL_TIM_Base_MspDeInit) refers to stm32f1xx_hal_cortex.o(i.HAL_NVIC_DisableIRQ) for HAL_NVIC_DisableIRQ
    tim.o(i.HAL_TIM_Base_MspInit) refers to stm32f1xx_hal_cortex.o(i.HAL_NVIC_SetPriority) for HAL_NVIC_SetPriority
    tim.o(i.HAL_TIM_Base_MspInit) refers to stm32f1xx_hal_cortex.o(i.HAL_NVIC_EnableIRQ) for HAL_NVIC_EnableIRQ
    tim.o(i.HAL_TIM_MspPostInit) refers to stm32f1xx_hal_gpio.o(i.HAL_GPIO_Init) for HAL_GPIO_Init
    tim.o(i.MX_TIM1_Init) refers to memseta.o(.text) for __aeabi_memclr4
    tim.o(i.MX_TIM1_Init) refers to stm32f1xx_hal_tim.o(i.HAL_TIM_Base_Init) for HAL_TIM_Base_Init
    tim.o(i.MX_TIM1_Init) refers to main.o(i.Error_Handler) for Error_Handler
    tim.o(i.MX_TIM1_Init) refers to stm32f1xx_hal_tim.o(i.HAL_TIM_ConfigClockSource) for HAL_TIM_ConfigClockSource
    tim.o(i.MX_TIM1_Init) refers to stm32f1xx_hal_tim.o(i.HAL_TIM_PWM_Init) for HAL_TIM_PWM_Init
    tim.o(i.MX_TIM1_Init) refers to stm32f1xx_hal_tim_ex.o(i.HAL_TIMEx_MasterConfigSynchronization) for HAL_TIMEx_MasterConfigSynchronization
    tim.o(i.MX_TIM1_Init) refers to stm32f1xx_hal_tim.o(i.HAL_TIM_PWM_ConfigChannel) for HAL_TIM_PWM_ConfigChannel
    tim.o(i.MX_TIM1_Init) refers to stm32f1xx_hal_tim_ex.o(i.HAL_TIMEx_ConfigBreakDeadTime) for HAL_TIMEx_ConfigBreakDeadTime
    tim.o(i.MX_TIM1_Init) refers to tim.o(i.HAL_TIM_MspPostInit) for HAL_TIM_MspPostInit
    tim.o(i.MX_TIM1_Init) refers to tim.o(.bss) for .bss
    tim.o(i.MX_TIM4_Init) refers to stm32f1xx_hal_tim.o(i.HAL_TIM_Base_Init) for HAL_TIM_Base_Init
    tim.o(i.MX_TIM4_Init) refers to main.o(i.Error_Handler) for Error_Handler
    tim.o(i.MX_TIM4_Init) refers to stm32f1xx_hal_tim.o(i.HAL_TIM_ConfigClockSource) for HAL_TIM_ConfigClockSource
    tim.o(i.MX_TIM4_Init) refers to stm32f1xx_hal_tim_ex.o(i.HAL_TIMEx_MasterConfigSynchronization) for HAL_TIMEx_MasterConfigSynchronization
    tim.o(i.MX_TIM4_Init) refers to tim.o(.bss) for .bss
    usart.o(i.HAL_UART_MspDeInit) refers to stm32f1xx_hal_gpio.o(i.HAL_GPIO_DeInit) for HAL_GPIO_DeInit
    usart.o(i.HAL_UART_MspInit) refers to stm32f1xx_hal_gpio.o(i.HAL_GPIO_Init) for HAL_GPIO_Init
    usart.o(i.MX_USART1_UART_Init) refers to stm32f1xx_hal_uart.o(i.HAL_UART_Init) for HAL_UART_Init
    usart.o(i.MX_USART1_UART_Init) refers to main.o(i.Error_Handler) for Error_Handler
    usart.o(i.MX_USART1_UART_Init) refers to usart.o(.bss) for .bss
[...]
    Removing stm32f1xx_hal_rcc_ex.o(.rev16_text), (4 bytes).
    Removing stm32f1xx_hal_rcc_ex.o(.revsh_text), (4 bytes).
    Removing stm32f1xx_hal_rcc_ex.o(.rrx_text), (6 bytes).
    Removing stm32f1xx_hal_rcc_ex.o(i.HAL_RCCEx_GetPeriphCLKConfig), (44 bytes).
    Removing stm32f1xx_hal_rcc_ex.o(i.HAL_RCCEx_GetPeriphCLKFreq), (200 bytes).
    Removing stm32f1xx_hal_rcc_ex.o(i.HAL_RCCEx_PeriphCLKConfig), (236 bytes).
    Removing stm32f1xx_hal_gpio.o(.rev16_text), (4 bytes).
    Removing stm32f1xx_hal_gpio.o(.revsh_text), (4 bytes).
    Removing stm32f1xx_hal_gpio.o(.rrx_text), (6 bytes).
    Removing stm32f1xx_hal_gpio.o(i.HAL_GPIO_DeInit), (252 bytes).
    Removing stm32f1xx_hal_gpio.o(i.HAL_GPIO_EXTI_Callback), (2 bytes).
    Removing stm32f1xx_hal_gpio.o(i.HAL_GPIO_EXTI_IRQHandler), (24 bytes).
    Removing stm32f1xx_hal_gpio.o(i.HAL_GPIO_LockPin), (34 bytes).
    Removing stm32f1xx_hal_gpio.o(i.HAL_GPIO_TogglePin), (14 bytes).
    Removing stm32f1xx_hal_dma.o(.rev16_text), (4 bytes).
    Removing stm32f1xx_hal_dma.o(.revsh_text), (4 bytes).
    Removing stm32f1xx_hal_dma.o(.rrx_text), (6 bytes).
    Removing stm32f1xx_hal_dma.o(i.DMA_SetConfig), (42 bytes).
    Removing stm32f1xx_hal_dma.o(i.HAL_DMA_Abort), (70 bytes).
    Removing stm32f1xx_hal_dma.o(i.HAL_DMA_Abort_IT), (152 bytes).
    Removing stm32f1xx_hal_dma.o(i.HAL_DMA_DeInit), (92 bytes).
    Removing stm32f1xx_hal_dma.o(i.HAL_DMA_GetError), (4 bytes).
    Removing stm32f1xx_hal_dma.o(i.HAL_DMA_GetState), (6 bytes).
    Removing stm32f1xx_hal_dma.o(i.HAL_DMA_IRQHandler), (340 bytes).
    Removing stm32f1xx_hal_dma.o(i.HAL_DMA_Init), (92 bytes).
    Removing stm32f1xx_hal_dma.o(i.HAL_DMA_PollForTransfer), (532 bytes).
    Removing stm32f1xx_hal_dma.o(i.HAL_DMA_RegisterCallback), (74 bytes).
    Removing stm32f1xx_hal_dma.o(i.HAL_DMA_Start), (80 bytes).
    Removing stm32f1xx_hal_dma.o(i.HAL_DMA_Start_IT), (112 bytes).
    Removing stm32f1xx_hal_dma.o(i.HAL_DMA_UnRegisterCallback), (82 bytes).
    Removing stm32f1xx_hal_cortex.o(.rev16_text), (4 bytes).
    Removing stm32f1xx_hal_cortex.o(.revsh_text), (4 bytes).
    Removing stm32f1xx_hal_cortex.o(.rrx_text), (6 bytes).
    Removing stm32f1xx_hal_cortex.o(i.HAL_NVIC_ClearPendingIRQ), (26 bytes).
    Removing stm32f1xx_hal_cortex.o(i.HAL_NVIC_DisableIRQ), (34 bytes).
    Removing stm32f1xx_hal_cortex.o(i.HAL_NVIC_GetActive), (36 bytes).
    Removing stm32f1xx_hal_cortex.o(i.HAL_NVIC_GetPendingIRQ), (36 bytes).
    Removing stm32f1xx_hal_cortex.o(i.HAL_NVIC_GetPriority), (82 bytes).
    Removing stm32f1xx_hal_cortex.o(i.HAL_NVIC_GetPriorityGrouping), (16 bytes).
    Removing stm32f1xx_hal_cortex.o(i.HAL_NVIC_SetPendingIRQ), (26 bytes).
    Removing stm32f1xx_hal_cortex.o(i.HAL_NVIC_SystemReset), (36 bytes).
    Removing stm32f1xx_hal_cortex.o(i.HAL_SYSTICK_CLKSourceConfig), (24 bytes).
    Removing stm32f1xx_hal_cortex.o(i.HAL_SYSTICK_Callback), (2 bytes).
    Removing stm32f1xx_hal_cortex.o(i.HAL_SYSTICK_IRQHandler), (8 bytes).
    Removing stm32f1xx_hal_pwr.o(.rev16_text), (4 bytes).
    Removing stm32f1xx_hal_pwr.o(.revsh_text), (4 bytes).
    Removing stm32f1xx_hal_pwr.o(.rrx_text), (6 bytes).
    Removing stm32f1xx_hal_pwr.o(i.HAL_PWR_ConfigPVD), (124 bytes).
    Removing stm32f1xx_hal_pwr.o(i.HAL_PWR_DeInit), (24 bytes).
    Removing stm32f1xx_hal_pwr.o(i.HAL_PWR_DisableBkUpAccess), (12 bytes).
    Removing stm32f1xx_hal_pwr.o(i.HAL_PWR_DisablePVD), (12 bytes).
    Removing stm32f1xx_hal_pwr.o(i.HAL_PWR_DisableSEVOnPend), (16 bytes).
    Removing stm32f1xx_hal_pwr.o(i.HAL_PWR_DisableSleepOnExit), (16 bytes).
    Removing stm32f1xx_hal_pwr.o(i.HAL_PWR_DisableWakeUpPin), (28 bytes).
    Removing stm32f1xx_hal_pwr.o(i.HAL_PWR_EnableBkUpAccess), (12 bytes).
    Removing stm32f1xx_hal_pwr.o(i.HAL_PWR_EnablePVD), (12 bytes).
    Removing stm32f1xx_hal_pwr.o(i.HAL_PWR_EnableSEVOnPend), (16 bytes).
    Removing stm32f1xx_hal_pwr.o(i.HAL_PWR_EnableSleepOnExit), (16 bytes).
    Removing stm32f1xx_hal_pwr.o(i.HAL_PWR_EnableWakeUpPin), (28 bytes).
    Removing stm32f1xx_hal_pwr.o(i.HAL_PWR_EnterSLEEPMode), (32 bytes).
    Removing stm32f1xx_hal_pwr.o(i.HAL_PWR_EnterSTANDBYMode), (32 bytes).
    Removing stm32f1xx_hal_pwr.o(i.HAL_PWR_EnterSTOPMode), (68 bytes).
    Removing stm32f1xx_hal_pwr.o(i.HAL_PWR_PVDCallback), (2 bytes).
    Removing stm32f1xx_hal_pwr.o(i.HAL_PWR_PVD_IRQHandler), (28 bytes).
    Removing stm32f1xx_hal_pwr.o(i.PWR_OverloadWfe), (6 bytes).
    Removing stm32f1xx_hal_flash.o(.rev16_text), (4 bytes).
    Removing stm32f1xx_hal_flash.o(.revsh_text), (4 bytes).
    Removing stm32f1xx_hal_flash.o(.rrx_text), (6 bytes).
    Removing stm32f1xx_hal_flash.o(i.FLASH_Program_HalfWord), (28 bytes).
    Removing stm32f1xx_hal_flash.o(i.FLASH_SetErrorCode), (92 bytes).
    Removing stm32f1xx_hal_flash.o(i.FLASH_WaitForLastOperation), (84 bytes).
    Removing stm32f1xx_hal_flash.o(i.HAL_FLASH_EndOfOperationCallback), (2 bytes).
    Removing stm32f1xx_hal_flash.o(i.HAL_FLASH_GetError), (12 bytes).
    Removing stm32f1xx_hal_flash.o(i.HAL_FLASH_IRQHandler), (264 bytes).
    Removing stm32f1xx_hal_flash.o(i.HAL_FLASH_Lock), (20 bytes).
    Removing stm32f1xx_hal_flash.o(i.HAL_FLASH_OB_Launch), (4 bytes).
    Removing stm32f1xx_hal_flash.o(i.HAL_FLASH_OB_Lock), (20 bytes).
    Removing stm32f1xx_hal_flash.o(i.HAL_FLASH_OB_Unlock), (36 bytes).
    Removing stm32f1xx_hal_flash.o(i.HAL_FLASH_OperationErrorCallback), (2 bytes).
    Removing stm32f1xx_hal_flash.o(i.HAL_FLASH_Program), (128 bytes).
    Removing stm32f1xx_hal_flash.o(i.HAL_FLASH_Program_IT), (100 bytes).
    Removing stm32f1xx_hal_flash.o(i.HAL_FLASH_Unlock), (40 bytes).
    Removing stm32f1xx_hal_flash.o(.bss), (32 bytes).
    Removing stm32f1xx_hal_flash_ex.o(.rev16_text), (4 bytes).
    Removing stm32f1xx_hal_flash_ex.o(.revsh_text), (4 bytes).
    Removing stm32f1xx_hal_flash_ex.o(.rrx_text), (6 bytes).
    Removing stm32f1xx_hal_flash_ex.o(i.FLASH_MassErase), (36 bytes).
    Removing stm32f1xx_hal_flash_ex.o(i.FLASH_OB_DisableWRP), (176 bytes).
    Removing stm32f1xx_hal_flash_ex.o(i.FLASH_OB_EnableWRP), (176 bytes).
    Removing stm32f1xx_hal_flash_ex.o(i.FLASH_OB_GetRDP), (24 bytes).
    Removing stm32f1xx_hal_flash_ex.o(i.FLASH_OB_RDP_LevelConfig), (100 bytes).
    Removing stm32f1xx_hal_flash_ex.o(i.FLASH_PageErase), (36 bytes).
    Removing stm32f1xx_hal_flash_ex.o(i.HAL_FLASHEx_Erase), (168 bytes).
    Removing stm32f1xx_hal_flash_ex.o(i.HAL_FLASHEx_Erase_IT), (84 bytes).
    Removing stm32f1xx_hal_flash_ex.o(i.HAL_FLASHEx_OBErase), (84 bytes).
    Removing stm32f1xx_hal_flash_ex.o(i.HAL_FLASHEx_OBGetConfig), (36 bytes).
    Removing stm32f1xx_hal_flash_ex.o(i.HAL_FLASHEx_OBGetUserData), (32 bytes).
    Removing stm32f1xx_hal_flash_ex.o(i.HAL_FLASHEx_OBProgram), (200 bytes).
    Removing stm32f1xx_hal_exti.o(.rev16_text), (4 bytes).
    Removing stm32f1xx_hal_exti.o(.revsh_text), (4 bytes).
    Removing stm32f1xx_hal_exti.o(.rrx_text), (6 bytes).
    Removing stm32f1xx_hal_exti.o(i.HAL_EXTI_ClearConfigLine), (104 bytes).
    Removing stm32f1xx_hal_exti.o(i.HAL_EXTI_ClearPending), (20 bytes).
    Removing stm32f1xx_hal_exti.o(i.HAL_EXTI_GenerateSWI), (20 bytes).
    Removing stm32f1xx_hal_exti.o(i.HAL_EXTI_GetConfigLine), (152 bytes).
    Removing stm32f1xx_hal_exti.o(i.HAL_EXTI_GetHandle), (12 bytes).
    Removing stm32f1xx_hal_exti.o(i.HAL_EXTI_GetPending), (24 bytes).
    Removing stm32f1xx_hal_exti.o(i.HAL_EXTI_IRQHandler), (36 bytes).
    Removing stm32f1xx_hal_exti.o(i.HAL_EXTI_RegisterCallback), (14 bytes).
    Removing stm32f1xx_hal_exti.o(i.HAL_EXTI_SetConfigLine), (164 bytes).
    Removing pid_1.o(.rev16_text), (4 bytes).
    Removing pid_1.o(.revsh_text), (4 bytes).
    Removing pid_1.o(.rrx_text), (6 bytes).
    Removing pid_1.o(i.SetpointSet), (12 bytes).
    Removing ddiv.o(.text), (222 bytes).
    Removing dfixul.o(.text), (48 bytes).
    Removing cdrcmple.o(.text), (48 bytes).

396 unused section(s) (total 22038 bytes) removed from the image.

==============================================================================

Image Symbol Table

    Local Symbols

    Symbol Name                              Value     Ov Type        Size  Object(Section)

    ..//Src/system_stm32f1xx.c               0x00000000   Number         0  system_stm32f1xx.o ABSOLUTE
    ../Src/gpio.c                            0x00000000   Number         0  gpio.o ABSOLUTE
    ../Src/main.c                            0x00000000   Number         0  main.o ABSOLUTE
    ../Src/stm32f1xx_hal_msp.c               0x00000000   Number         0  stm32f1xx_hal_msp.o ABSOLUTE
    ../Src/stm32f1xx_it.c                    0x00000000   Number         0  stm32f1xx_it.o ABSOLUTE
    ../Src/tim.c                             0x00000000   Number         0  tim.o ABSOLUTE
    ../Src/usart.c                           0x00000000   Number         0  usart.o ABSOLUTE
    ../clib/microlib/division.c              0x00000000   Number         0  uldiv.o ABSOLUTE
    ../clib/microlib/division.c              0x00000000   Number         0  uidiv.o ABSOLUTE
    ../clib/microlib/errno.c                 0x00000000   Number         0  errno.o ABSOLUTE
    ../clib/microlib/init/entry.s            0x00000000   Number         0  entry10a.o ABSOLUTE
    ../clib/microlib/init/entry.s            0x00000000   Number         0  entry10b.o ABSOLUTE
    ../clib/microlib/init/entry.s            0x00000000   Number         0  entry11a.o ABSOLUTE
    ../clib/microlib/init/entry.s            0x00000000   Number         0  entry9b.o ABSOLUTE
    ../clib/microlib/init/entry.s            0x00000000   Number         0  entry11b.o ABSOLUTE
    ../clib/microlib/init/entry.s            0x00000000   Number         0  entry7a.o ABSOLUTE
    ../clib/microlib/init/entry.s            0x00000000   Number         0  entry8a.o ABSOLUTE
    ../clib/microlib/init/entry.s            0x00000000   Number         0  entry7b.o ABSOLUTE
    ../clib/microlib/init/entry.s            0x00000000   Number         0  entry5.o ABSOLUTE
    ../clib/microlib/init/entry.s            0x00000000   Number         0  entry.o ABSOLUTE
    ../clib/microlib/init/entry.s            0x00000000   Number         0  entry8b.o ABSOLUTE
    ../clib/microlib/init/entry.s            0x00000000   Number         0  entry9a.o ABSOLUTE
    ../clib/microlib/init/entry.s            0x00000000   Number         0  entry2.o ABSOLUTE
    ../clib/microlib/longlong.c              0x00000000   Number         0  llushr.o ABSOLUTE
    ../clib/microlib/longlong.c              0x00000000   Number         0  llshl.o ABSOLUTE
    ../clib/microlib/longlong.c              0x00000000   Number         0  llsshr.o ABSOLUTE
    ../clib/microlib/printf/printf.c         0x00000000   Number         0  printf3.o ABSOLUTE
    ../clib/microlib/printf/printf.c         0x00000000   Number         0  printf4.o ABSOLUTE
    ../clib/microlib/printf/printf.c         0x00000000   Number         0  printf5.o ABSOLUTE
    ../clib/microlib/printf/printf.c         0x00000000   Number         0  printf6.o ABSOLUTE
    ../clib/microlib/printf/printf.c         0x00000000   Number         0  printf7.o ABSOLUTE
    ../clib/microlib/printf/printf.c         0x00000000   Number         0  printfb.o ABSOLUTE
    ../clib/microlib/printf/printf.c         0x00000000   Number         0  printf2.o ABSOLUTE
    ../clib/microlib/printf/printf.c         0x00000000   Number         0  printfa.o ABSOLUTE
    ../clib/microlib/printf/printf.c         0x00000000   Number         0  printf8.o ABSOLUTE
    ../clib/microlib/printf/printf.c         0x00000000   Number         0  printf1.o ABSOLUTE
    ../clib/microlib/printf/printf.c         0x00000000   Number         0  printf0.o ABSOLUTE
    ../clib/microlib/printf/stubs.s          0x00000000   Number         0  stubs.o ABSOLUTE
    ../clib/microlib/stdio/fputc.c           0x00000000   Number         0  fputc.o ABSOLUTE
    ../clib/microlib/stdio/semi.s            0x00000000   Number         0  semi.o ABSOLUTE
    ../clib/microlib/stdio/streams.c         0x00000000   Number         0  stdout.o ABSOLUTE
    ../clib/microlib/string/memset.c         0x00000000   Number         0  memseta.o ABSOLUTE
    ../clib/microlib/stubs.s                 0x00000000   Number         0  iusefp.o ABSOLUTE
    ../clib/microlib/stubs.s                 0x00000000   Number         0  iusesemip.o ABSOLUTE
    ../fplib/microlib/d2f.c                  0x00000000   Number         0  d2f.o ABSOLUTE
    ../fplib/microlib/f2d.c                  0x00000000   Number         0  f2d.o ABSOLUTE
    ../fplib/microlib/fpadd.c                0x00000000   Number         0  dadd.o ABSOLUTE
    ../fplib/microlib/fpadd.c                0x00000000   Number         0  fadd.o ABSOLUTE
    ../fplib/microlib/fpdiv.c                0x00000000   Number         0  ddiv.o ABSOLUTE
    ../fplib/microlib/fpdiv.c                0x00000000   Number         0  fdiv.o ABSOLUTE
    ../fplib/microlib/fpepilogue.c           0x00000000   Number         0  depilogue.o ABSOLUTE
    ../fplib/microlib/fpepilogue.c           0x00000000   Number         0  fepilogue.o ABSOLUTE
    ../fplib/microlib/fpfix.c                0x00000000   Number         0  dfixul.o ABSOLUTE
    ../fplib/microlib/fpfix.c                0x00000000   Number         0  ffixui.o ABSOLUTE
    ../fplib/microlib/fpfix.c                0x00000000   Number         0  ffixir.o ABSOLUTE
    ../fplib/microlib/fpflt.c                0x00000000   Number         0  ffltui.o ABSOLUTE
    ../fplib/microlib/fpflt.c                0x00000000   Number         0  fflti.o ABSOLUTE
    ../fplib/microlib/fpmul.c                0x00000000   Number         0  dmul.o ABSOLUTE
    ../fplib/microlib/fpmul.c                0x00000000   Number         0  fmul.o ABSOLUTE
    ../fplib/microlib/fpscalb.c              0x00000000   Number         0  fscalb.o ABSOLUTE
    ../fplib/microlib/fpscalb.c              0x00000000   Number         0  dscalb.o ABSOLUTE
    ../fplib/microlib/fpstat.c               0x00000000   Number         0  fpstat.o ABSOLUTE
    ../mathlib/fpclassifyf.c                 0x00000000   Number         0  fpclassifyf.o ABSOLUTE
    ../mathlib/funder.c                      0x00000000   Number         0  funder.o ABSOLUTE
    ../mathlib/powf.c                        0x00000000   Number         0  powf_x.o ABSOLUTE
    ../mathlib/powf.c                        0x00000000   Number         0  powf.o ABSOLUTE
    ..\Src\gpio.c                            0x00000000   Number         0  gpio.o ABSOLUTE
    ..\Src\main.c                            0x00000000   Number         0  main.o ABSOLUTE
    ..\Src\stm32f1xx_hal_msp.c               0x00000000   Number         0  stm32f1xx_hal_msp.o ABSOLUTE
    ..\Src\stm32f1xx_it.c                    0x00000000   Number         0  stm32f1xx_it.o ABSOLUTE
    ..\Src\tim.c                             0x00000000   Number         0  tim.o ABSOLUTE
    ..\Src\usart.c                           0x00000000   Number         0  usart.o ABSOLUTE
    ..\User_Lib\App\app.c                    0x00000000   Number         0  app.o ABSOLUTE
    ..\User_Lib\Control\control.c            0x00000000   Number         0  control.o ABSOLUTE
    ..\User_Lib\Ds18B20\ds18b20.c            0x00000000   Number         0  ds18b20.o ABSOLUTE
    ..\User_Lib\Keypad\keypad.c              0x00000000   Number         0  keypad.o ABSOLUTE
    ..\User_Lib\LedSeg\ledSeg.c              0x00000000   Number         0  ledseg.o ABSOLUTE
    ..\User_Lib\Platform\debug.c             0x00000000   Number         0  debug.o ABSOLUTE
    ..\User_Lib\pid\pid.c                    0x00000000   Number         0  pid_1.o ABSOLUTE
    ..\\Src\system_stm32f1xx.c               0x00000000   Number         0  system_stm32f1xx.o ABSOLUTE
    ..\\User_Lib\\App\\app.c                 0x00000000   Number         0  app.o ABSOLUTE
    ..\\User_Lib\\Control\\control.c         0x00000000   Number         0  control.o ABSOLUTE
    ..\\User_Lib\\Ds18B20\\ds18b20.c         0x00000000   Number         0  ds18b20.o ABSOLUTE
    ..\\User_Lib\\Keypad\\keypad.c           0x00000000   Number         0  keypad.o ABSOLUTE
    ..\\User_Lib\\LedSeg\\ledSeg.c           0x00000000   Number         0  ledseg.o ABSOLUTE
    ..\\User_Lib\\Platform\\debug.c          0x00000000   Number         0  debug.o ABSOLUTE
    ..\\User_Lib\\pid\\pid.c                 0x00000000   Number         0  pid_1.o ABSOLUTE
    C:/Users/Admin/STM32Cube/Repository/STM32Cube_FW_F1_V1.8.0/Drivers/STM32F1xx_HAL_Driver/Src/stm32f1xx_hal.c 0x00000000   Number         0  stm32f1xx_hal.o ABSOLUTE
    C:/Users/Admin/STM32Cube/Repository/STM32Cube_FW_F1_V1.8.0/Drivers/STM32F1xx_HAL_Driver/Src/stm32f1xx_hal_cortex.c 0x00000000   Number         0  stm32f1xx_hal_cortex.o ABSOLUTE
    C:/Users/Admin/STM32Cube/Repository/STM32Cube_FW_F1_V1.8.0/Drivers/STM32F1xx_HAL_Driver/Src/stm32f1xx_hal_dma.c 0x00000000   Number         0  stm32f1xx_hal_dma.o ABSOLUTE
    C:/Users/Admin/STM32Cube/Repository/STM32Cube_FW_F1_V1.8.0/Drivers/STM32F1xx_HAL_Driver/Src/stm32f1xx_hal_exti.c 0x00000000   Number         0  stm32f1xx_hal_exti.o ABSOLUTE
    C:/Users/Admin/STM32Cube/Repository/STM32Cube_FW_F1_V1.8.0/Drivers/STM32F1xx_HAL_Driver/Src/stm32f1xx_hal_flash.c 0x00000000   Number         0  stm32f1xx_hal_flash.o ABSOLUTE
    C:/Users/Admin/STM32Cube/Repository/STM32Cube_FW_F1_V1.8.0/Drivers/STM32F1xx_HAL_Driver/Src/stm32f1xx_hal_flash_ex.c 0x00000000   Number         0  stm32f1xx_hal_flash_ex.o ABSOLUTE
    C:/Users/Admin/STM32Cube/Repository/STM32Cube_FW_F1_V1.8.0/Drivers/STM32F1xx_HAL_Driver/Src/stm32f1xx_hal_gpio.c 0x00000000   Number         0  stm32f1xx_hal_gpio.o ABSOLUTE
    C:/Users/Admin/STM32Cube/Repository/STM32Cube_FW_F1_V1.8.0/Drivers/STM32F1xx_HAL_Driver/Src/stm32f1xx_hal_gpio_ex.c 0x00000000   Number         0  stm32f1xx_hal_gpio_ex.o ABSOLUTE
    C:/Users/Admin/STM32Cube/Repository/STM32Cube_FW_F1_V1.8.0/Drivers/STM32F1xx_HAL_Driver/Src/stm32f1xx_hal_pwr.c 0x00000000   Number         0  stm32f1xx_hal_pwr.o ABSOLUTE
    C:/Users/Admin/STM32Cube/Repository/STM32Cube_FW_F1_V1.8.0/Drivers/STM32F1xx_HAL_Driver/Src/stm32f1xx_hal_rcc.c 0x00000000   Number         0  stm32f1xx_hal_rcc.o ABSOLUTE
    C:/Users/Admin/STM32Cube/Repository/STM32Cube_FW_F1_V1.8.0/Drivers/STM32F1xx_HAL_Driver/Src/stm32f1xx_hal_rcc_ex.c 0x00000000   Number         0  stm32f1xx_hal_rcc_ex.o ABSOLUTE
    C:/Users/Admin/STM32Cube/Repository/STM32Cube_FW_F1_V1.8.0/Drivers/STM32F1xx_HAL_Driver/Src/stm32f1xx_hal_tim.c 0x00000000   Number         0  stm32f1xx_hal_tim.o ABSOLUTE
    C:/Users/Admin/STM32Cube/Repository/STM32Cube_FW_F1_V1.8.0/Drivers/STM32F1xx_HAL_Driver/Src/stm32f1xx_hal_tim_ex.c 0x00000000   Number         0  stm32f1xx_hal_tim_ex.o ABSOLUTE
    C:/Users/Admin/STM32Cube/Repository/STM32Cube_FW_F1_V1.8.0/Drivers/STM32F1xx_HAL_Driver/Src/stm32f1xx_hal_uart.c 0x00000000   Number         0  stm32f1xx_hal_uart.o ABSOLUTE
    C:\Users\Admin\STM32Cube\Repository\STM32Cube_FW_F1_V1.8.0\Drivers\STM32F1xx_HAL_Driver\Src\stm32f1xx_hal.c 0x00000000   Number         0  stm32f1xx_hal.o ABSOLUTE
    C:\Users\Admin\STM32Cube\Repository\STM32Cube_FW_F1_V1.8.0\Drivers\STM32F1xx_HAL_Driver\Src\stm32f1xx_hal_cortex.c 0x00000000   Number         0  stm32f1xx_hal_cortex.o ABSOLUTE
    C:\Users\Admin\STM32Cube\Repository\STM32Cube_FW_F1_V1.8.0\Drivers\STM32F1xx_HAL_Driver\Src\stm32f1xx_hal_dma.c 0x00000000   Number         0  stm32f1xx_hal_dma.o ABSOLUTE
    C:\Users\Admin\STM32Cube\Repository\STM32Cube_FW_F1_V1.8.0\Drivers\STM32F1xx_HAL_Driver\Src\stm32f1xx_hal_exti.c 0x00000000   Number         0  stm32f1xx_hal_exti.o ABSOLUTE
    C:\Users\Admin\STM32Cube\Repository\STM32Cube_FW_F1_V1.8.0\Drivers\STM32F1xx_HAL_Driver\Src\stm32f1xx_hal_flash.c 0x00000000   Number         0  stm32f1xx_hal_flash.o ABSOLUTE
    C:\Users\Admin\STM32Cube\Repository\STM32Cube_FW_F1_V1.8.0\Drivers\STM32F1xx_HAL_Driver\Src\stm32f1xx_hal_flash_ex.c 0x00000000   Number         0  stm32f1xx_hal_flash_ex.o ABSOLUTE
    C:\Users\Admin\STM32Cube\Repository\STM32Cube_FW_F1_V1.8.0\Drivers\STM32F1xx_HAL_Driver\Src\stm32f1xx_hal_gpio.c 0x00000000   Number         0  stm32f1xx_hal_gpio.o ABSOLUTE
    C:\Users\Admin\STM32Cube\Repository\STM32Cube_FW_F1_V1.8.0\Drivers\STM32F1xx_HAL_Driver\Src\stm32f1xx_hal_gpio_ex.c 0x00000000   Number         0  stm32f1xx_hal_gpio_ex.o ABSOLUTE
    C:\Users\Admin\STM32Cube\Repository\STM32Cube_FW_F1_V1.8.0\Drivers\STM32F1xx_HAL_Driver\Src\stm32f1xx_hal_pwr.c 0x00000000   Number         0  stm32f1xx_hal_pwr.o ABSOLUTE
    C:\Users\Admin\STM32Cube\Repository\STM32Cube_FW_F1_V1.8.0\Drivers\STM32F1xx_HAL_Driver\Src\stm32f1xx_hal_rcc.c 0x00000000   Number         0  stm32f1xx_hal_rcc.o ABSOLUTE
    C:\Users\Admin\STM32Cube\Repository\STM32Cube_FW_F1_V1.8.0\Drivers\STM32F1xx_HAL_Driver\Src\stm32f1xx_hal_rcc_ex.c 0x00000000   Number         0  stm32f1xx_hal_rcc_ex.o ABSOLUTE
    C:\Users\Admin\STM32Cube\Repository\STM32Cube_FW_F1_V1.8.0\Drivers\STM32F1xx_HAL_Driver\Src\stm32f1xx_hal_tim.c 0x00000000   Number         0  stm32f1xx_hal_tim.o ABSOLUTE
    C:\Users\Admin\STM32Cube\Repository\STM32Cube_FW_F1_V1.8.0\Drivers\STM32F1xx_HAL_Driver\Src\stm32f1xx_hal_tim_ex.c 0x00000000   Number         0  stm32f1xx_hal_tim_ex.o ABSOLUTE
    C:\Users\Admin\STM32Cube\Repository\STM32Cube_FW_F1_V1.8.0\Drivers\STM32F1xx_HAL_Driver\Src\stm32f1xx_hal_uart.c 0x00000000   Number         0  stm32f1xx_hal_uart.o ABSOLUTE
    cdrcmple.s                               0x00000000   Number         0  cdrcmple.o ABSOLUTE
    cfcmple.s                                0x00000000   Number         0  cfcmple.o ABSOLUTE
    cfrcmple.s                               0x00000000   Number         0  cfrcmple.o ABSOLUTE
    dc.s                                     0x00000000   Number         0  dc.o ABSOLUTE
    handlers.s                               0x00000000   Number         0  handlers.o ABSOLUTE
    init.s                                   0x00000000   Number         0  init.o ABSOLUTE
    startup_stm32f103xb.s                    0x00000000   Number         0  startup_stm32f103xb.o ABSOLUTE
    RESET                                    0x08000000   Section      236  startup_stm32f103xb.o(RESET)
    .ARM.Collect$$$$00000000                 0x080000ec   Section        0  entry.o(.ARM.Collect$$$$00000000)
    .ARM.Collect$$$$00000001                 0x080000ec   Section        4  entry2.o(.ARM.Collect$$$$00000001)
    .ARM.Collect$$$$00000004                 0x080000f0   Section        4  entry5.o(.ARM.Collect$$$$00000004)
    .ARM.Collect$$$$00000008                 0x080000f4   Section        0  entry7b.o(.ARM.Collect$$$$00000008)
    .ARM.Collect$$$$0000000A                 0x080000f4   Section        0  entry8b.o(.ARM.Collect$$$$0000000A)
    .ARM.Collect$$$$0000000B                 0x080000f4   Section        8  entry9a.o(.ARM.Collect$$$$0000000B)
    .ARM.Collect$$$$0000000D                 0x080000fc   Section        0  entry10a.o(.ARM.Collect$$$$0000000D)
    .ARM.Collect$$$$0000000F                 0x080000fc   Section        0  entry11a.o(.ARM.Collect$$$$0000000F)
    .ARM.Collect$$$$00002712                 0x080000fc   Section        4  entry2.o(.ARM.Collect$$$$00002712)
    __lit__00000000                          0x080000fc   Data           4  entry2.o(.ARM.Collect$$$$00002712)
    .text                                    0x08000100   Section       36  startup_stm32f103xb.o(.text)
    .text                                    0x08000124   Section        0  llushr.o(.text)
    .text                                    0x08000144   Section        0  memseta.o(.text)
    .text                                    0x08000168   Section        0  fadd.o(.text)
    .text                                    0x08000218   Section        0  fmul.o(.text)
    .text                                    0x0800027c   Section        0  fdiv.o(.text)
    .text                                    0x080002f8   Section        0  fscalb.o(.text)
    .text                                    0x08000310   Section        0  dadd.o(.text)
    .text                                    0x0800045e   Section        0  dmul.o(.text)
    .text                                    0x08000542   Section        0  dscalb.o(.text)
    .text                                    0x08000570   Section        0  fflti.o(.text)
    .text                                    0x08000582   Section        0  ffltui.o(.text)
    .text                                    0x0800058c   Section        0  ffixui.o(.text)
    .text                                    0x080005b4   Section        0  f2d.o(.text)
    .text                                    0x080005da   Section        0  d2f.o(.text)
    .text                                    0x08000614   Section       20  cfcmple.o(.text)
    .text                                    0x08000628   Section       20  cfrcmple.o(.text)
    .text                                    0x0800063c   Section        0  llshl.o(.text)
    .text                                    0x0800065a   Section        0  llsshr.o(.text)
    .text                                    0x0800067e   Section        0  fepilogue.o(.text)
    .text                                    0x0800067e   Section        0  iusefp.o(.text)
    .text                                    0x080006ec   Section        0  depilogue.o(.text)
    .text                                    0x080007a6   Section        0  ffixir.o(.text)
    .text                                    0x080007f2   Section        0  fpstat.o(.text)
    .text                                    0x080007f8   Section       36  init.o(.text)
    i.App_Init                               0x0800081c   Section        0  app.o(i.App_Init)
    i.App_Step                               0x08000854   Section        0  app.o(i.App_Step)
    i.BusFault_Handler                       0x080008b4   Section        0  stm32f1xx_it.o(i.BusFault_Handler)
    i.Compute                                0x080008b8   Section        0  pid_1.o(i.Compute)
    i.DS18B20_Init                           0x080009a4   Section        0  ds18b20.o(i.DS18B20_Init)
    i.DS18B20_Process                        0x080009f4   Section        0  ds18b20.o(i.DS18B20_Process)
    i.DS18B20_ReadTempratureF                0x08000a5c   Section        0  ds18b20.o(i.DS18B20_ReadTempratureF)
    i.DebugMon_Handler                       0x08000aac   Section        0  stm32f1xx_it.o(i.DebugMon_Handler)
    i.DelayMicro                             0x08000ab0   Section        0  ds18b20.o(i.DelayMicro)
    DelayMicro                               0x08000ab1   Thumb Code    30  ds18b20.o(i.DelayMicro)
    i.Error_Handler                          0x08000ad8   Section        0  main.o(i.Error_Handler)
    i.HAL_GPIO_Init                          0x08000adc   Section        0  stm32f1xx_hal_gpio.o(i.HAL_GPIO_Init)
    i.HAL_GPIO_ReadPin                       0x08000cbc   Section        0  stm32f1xx_hal_gpio.o(i.HAL_GPIO_ReadPin)
    i.HAL_GPIO_WritePin                      0x08000cc6   Section        0  stm32f1xx_hal_gpio.o(i.HAL_GPIO_WritePin)
    i.HAL_GetTick                            0x08000cd0   Section        0  stm32f1xx_hal.o(i.HAL_GetTick)
    i.HAL_IncTick                            0x08000cdc   Section        0  stm32f1xx_hal.o(i.HAL_IncTick)
    i.HAL_Init                               0x08000cec   Section        0  stm32f1xx_hal.o(i.HAL_Init)
    i.HAL_InitTick                           0x08000d10   Section        0  stm32f1xx_hal.o(i.HAL_InitTick)
    i.HAL_MspInit                            0x08000d50   Section        0  stm32f1xx_hal_msp.o(i.HAL_MspInit)
    i.HAL_NVIC_EnableIRQ                     0x08000d8c   Section        0  stm32f1xx_hal_cortex.o(i.HAL_NVIC_EnableIRQ)
    i.HAL_NVIC_SetPriority                   0x08000da8   Section        0  stm32f1xx_hal_cortex.o(i.HAL_NVIC_SetPriority)
    i.HAL_NVIC_SetPriorityGrouping           0x08000de8   Section        0  stm32f1xx_hal_cortex.o(i.HAL_NVIC_SetPriorityGrouping)
    i.HAL_RCC_ClockConfig                    0x08000e0c   Section        0  stm32f1xx_hal_rcc.o(i.HAL_RCC_ClockConfig)
    i.HAL_RCC_GetPCLK1Freq                   0x08000f38   Section        0  stm32f1xx_hal_rcc.o(i.HAL_RCC_GetPCLK1Freq)
    i.HAL_RCC_GetPCLK2Freq                   0x08000f58   Section        0  stm32f1xx_hal_rcc.o(i.HAL_RCC_GetPCLK2Freq)
    i.HAL_RCC_GetSysClockFreq                0x08000f78   Section        0  stm32f1xx_hal_rcc.o(i.HAL_RCC_GetSysClockFreq)
    i.HAL_RCC_OscConfig                      0x08000fe4   Section        0  stm32f1xx_hal_rcc.o(i.HAL_RCC_OscConfig)
    i.HAL_SYSTICK_Config                     0x08001304   Section        0  stm32f1xx_hal_cortex.o(i.HAL_SYSTICK_Config)
    i.HAL_TIMEx_BreakCallback                0x0800132c   Section        0  stm32f1xx_hal_tim_ex.o(i.HAL_TIMEx_BreakCallback)
    i.HAL_TIMEx_CommutCallback               0x0800132e   Section        0  stm32f1xx_hal_tim_ex.o(i.HAL_TIMEx_CommutCallback)
    i.HAL_TIMEx_ConfigBreakDeadTime          0x08001330   Section        0  stm32f1xx_hal_tim_ex.o(i.HAL_TIMEx_ConfigBreakDeadTime)
    i.HAL_TIMEx_MasterConfigSynchronization  0x08001384   Section        0  stm32f1xx_hal_tim_ex.o(i.HAL_TIMEx_MasterConfigSynchronization)
    i.HAL_TIM_Base_Init                      0x080013c6   Section        0  stm32f1xx_hal_tim.o(i.HAL_TIM_Base_Init)
    i.HAL_TIM_Base_MspInit                   0x080013fc   Section        0  tim.o(i.HAL_TIM_Base_MspInit)
    i.HAL_TIM_Base_Start_IT                  0x08001450   Section        0  stm32f1xx_hal_tim.o(i.HAL_TIM_Base_Start_IT)
    i.HAL_TIM_ConfigClockSource              0x08001472   Section        0  stm32f1xx_hal_tim.o(i.HAL_TIM_ConfigClockSource)
    i.HAL_TIM_IC_CaptureCallback             0x08001548   Section        0  stm32f1xx_hal_tim.o(i.HAL_TIM_IC_CaptureCallback)
    i.HAL_TIM_IRQHandler                     0x0800154a   Section        0  stm32f1xx_hal_tim.o(i.HAL_TIM_IRQHandler)
    i.HAL_TIM_MspPostInit                    0x080016b0   Section        0  tim.o(i.HAL_TIM_MspPostInit)
    i.HAL_TIM_OC_DelayElapsedCallback        0x080016fc   Section        0  stm32f1xx_hal_tim.o(i.HAL_TIM_OC_DelayElapsedCallback)
    i.HAL_TIM_PWM_ConfigChannel              0x080016fe   Section        0  stm32f1xx_hal_tim.o(i.HAL_TIM_PWM_ConfigChannel)
    i.HAL_TIM_PWM_Init                       0x080017ce   Section        0  stm32f1xx_hal_tim.o(i.HAL_TIM_PWM_Init)
    i.HAL_TIM_PWM_MspInit                    0x08001804   Section        0  stm32f1xx_hal_tim.o(i.HAL_TIM_PWM_MspInit)
    i.HAL_TIM_PWM_PulseFinishedCallback      0x08001806   Section        0  stm32f1xx_hal_tim.o(i.HAL_TIM_PWM_PulseFinishedCallback)
    i.HAL_TIM_PeriodElapsedCallback          0x08001808   Section        0  app.o(i.HAL_TIM_PeriodElapsedCallback)
    i.HAL_TIM_TriggerCallback                0x0800181c   Section        0  stm32f1xx_hal_tim.o(i.HAL_TIM_TriggerCallback)
    i.HAL_UART_Init                          0x0800181e   Section        0  stm32f1xx_hal_uart.o(i.HAL_UART_Init)
    i.HAL_UART_MspInit                       0x08001880   Section        0  usart.o(i.HAL_UART_MspInit)
    i.HardFault_Handler                      0x080018f0   Section        0  stm32f1xx_it.o(i.HardFault_Handler)
    i.Keypad_Handler                         0x080018f4   Section        0  app.o(i.Keypad_Handler)
    Keypad_Handler                           0x080018f5   Thumb Code   176  app.o(i.Keypad_Handler)
    i.Keypad_Init                            0x080019ac   Section        0  keypad.o(i.Keypad_Init)
    i.Keypad_InstallCallback                 0x080019b8   Section        0  keypad.o(i.Keypad_InstallCallback)
    i.Keypad_Process                         0x080019c4   Section        0  keypad.o(i.Keypad_Process)
    i.Led_Init                               0x08001a4c   Section        0  ledseg.o(i.Led_Init)
    i.Led_Process                            0x08001a50   Section        0  ledseg.o(i.Led_Process)
    i.Led_SetBlink                           0x08001ab0   Section        0  ledseg.o(i.Led_SetBlink)
    i.Led_UpdateSetupValue                   0x08001abc   Section        0  ledseg.o(i.Led_UpdateSetupValue)
    i.Led_UpdateTemperatureValue             0x08001acc   Section        0  ledseg.o(i.Led_UpdateTemperatureValue)
    i.MX_GPIO_Init                           0x08001adc   Section        0  gpio.o(i.MX_GPIO_Init)
    i.MX_TIM1_Init                           0x08001b98   Section        0  tim.o(i.MX_TIM1_Init)
    i.MX_TIM4_Init                           0x08001c64   Section        0  tim.o(i.MX_TIM4_Init)
    i.MX_USART1_UART_Init                    0x08001cc8   Section        0  usart.o(i.MX_USART1_UART_Init)
    i.MemManage_Handler                      0x08001d00   Section        0  stm32f1xx_it.o(i.MemManage_Handler)
    i.NMI_Handler                            0x08001d02   Section        0  stm32f1xx_it.o(i.NMI_Handler)
    i.PID_Controller                         0x08001d04   Section        0  pid_1.o(i.PID_Controller)
    i.PendSV_Handler                         0x08001d4c   Section        0  stm32f1xx_it.o(i.PendSV_Handler)
    i.SVC_Handler                            0x08001d4e   Section        0  stm32f1xx_it.o(i.SVC_Handler)
    i.SetParameters                          0x08001d50   Section        0  pid_1.o(i.SetParameters)
    i.SetSampleTime                          0x08001da8   Section        0  pid_1.o(i.SetSampleTime)
    i.SysTick_Handler                        0x08001dec   Section        0  stm32f1xx_it.o(i.SysTick_Handler)
    i.SystemClock_Config                     0x08001df0   Section        0  main.o(i.SystemClock_Config)
    i.SystemInit                             0x08001e4c   Section        0  system_stm32f1xx.o(i.SystemInit)
    i.TIM4_IRQHandler                        0x08001e94   Section        0  stm32f1xx_it.o(i.TIM4_IRQHandler)
    i.TIM_Base_SetConfig                     0x08001ea0   Section        0  stm32f1xx_hal_tim.o(i.TIM_Base_SetConfig)
    i.TIM_ETR_SetConfig                      0x08001f0c   Section        0  stm32f1xx_hal_tim.o(i.TIM_ETR_SetConfig)
    i.TIM_ITRx_SetConfig                     0x08001f20   Section        0  stm32f1xx_hal_tim.o(i.TIM_ITRx_SetConfig)
    TIM_ITRx_SetConfig                       0x08001f21   Thumb Code    16  stm32f1xx_hal_tim.o(i.TIM_ITRx_SetConfig)
    i.TIM_OC1_SetConfig                      0x08001f30   Section        0  stm32f1xx_hal_tim.o(i.TIM_OC1_SetConfig)
    TIM_OC1_SetConfig                        0x08001f31   Thumb Code    74  stm32f1xx_hal_tim.o(i.TIM_OC1_SetConfig)
    i.TIM_OC2_SetConfig                      0x08001f80   Section        0  stm32f1xx_hal_tim.o(i.TIM_OC2_SetConfig)
    i.TIM_OC3_SetConfig                      0x08001fd8   Section        0  stm32f1xx_hal_tim.o(i.TIM_OC3_SetConfig)
    TIM_OC3_SetConfig                        0x08001fd9   Thumb Code    82  stm32f1xx_hal_tim.o(i.TIM_OC3_SetConfig)
    i.TIM_OC4_SetConfig                      0x08002030   Section        0  stm32f1xx_hal_tim.o(i.TIM_OC4_SetConfig)
    TIM_OC4_SetConfig                        0x08002031   Thumb Code    64  stm32f1xx_hal_tim.o(i.TIM_OC4_SetConfig)
    i.TIM_TI1_ConfigInputStage               0x08002074   Section        0  stm32f1xx_hal_tim.o(i.TIM_TI1_ConfigInputStage)
    TIM_TI1_ConfigInputStage                 0x08002075   Thumb Code    34  stm32f1xx_hal_tim.o(i.TIM_TI1_ConfigInputStage)
    i.TIM_TI2_ConfigInputStage               0x08002096   Section        0  stm32f1xx_hal_tim.o(i.TIM_TI2_ConfigInputStage)
    TIM_TI2_ConfigInputStage                 0x08002097   Thumb Code    36  stm32f1xx_hal_tim.o(i.TIM_TI2_ConfigInputStage)
    i.UART_SetConfig                         0x080020bc   Section        0  stm32f1xx_hal_uart.o(i.UART_SetConfig)
    UART_SetConfig                           0x080020bd   Thumb Code   178  stm32f1xx_hal_uart.o(i.UART_SetConfig)
    i.UsageFault_Handler                     0x08002174   Section        0  stm32f1xx_it.o(i.UsageFault_Handler)
    i.__ARM_fpclassifyf                      0x08002176   Section        0  fpclassifyf.o(i.__ARM_fpclassifyf)
    i.__NVIC_SetPriority                     0x0800219c   Section        0  stm32f1xx_hal_cortex.o(i.__NVIC_SetPriority)
    __NVIC_SetPriority                       0x0800219d   Thumb Code    32  stm32f1xx_hal_cortex.o(i.__NVIC_SetPriority)
    i.__mathlib_flt_divzero                  0x080021bc   Section        0  funder.o(i.__mathlib_flt_divzero)
    i.__mathlib_flt_infnan2                  0x080021c6   Section        0  funder.o(i.__mathlib_flt_infnan2)
    i.__mathlib_flt_invalid                  0x080021ca   Section        0  funder.o(i.__mathlib_flt_invalid)
    i.__mathlib_flt_overflow                 0x080021d2   Section        0  funder.o(i.__mathlib_flt_overflow)
    i.__mathlib_flt_underflow                0x080021dc   Section        0  funder.o(i.__mathlib_flt_underflow)
    i.__scatterload_copy                     0x080021e6   Section       14  handlers.o(i.__scatterload_copy)
    i.__scatterload_null                     0x080021f4   Section        2  handlers.o(i.__scatterload_null)
    i.__scatterload_zeroinit                 0x080021f6   Section       14  handlers.o(i.__scatterload_zeroinit)
    i.__set_errno                            0x08002204   Section        0  errno.o(i.__set_errno)
    i.ds18b20_readByte                       0x08002210   Section        0  ds18b20.o(i.ds18b20_readByte)
    ds18b20_readByte                         0x08002211   Thumb Code    92  ds18b20.o(i.ds18b20_readByte)
    i.ds18b20_writeByte                      0x08002270   Section        0  ds18b20.o(i.ds18b20_writeByte)
    ds18b20_writeByte                        0x08002271   Thumb Code    96  ds18b20.o(i.ds18b20_writeByte)
    i.gpio_set_input                         0x080022d4   Section        0  ds18b20.o(i.gpio_set_input)
    gpio_set_input                           0x080022d5   Thumb Code    24  ds18b20.o(i.gpio_set_input)
    i.gpio_set_output                        0x080022f4   Section        0  ds18b20.o(i.gpio_set_output)
    gpio_set_output                          0x080022f5   Thumb Code    28  ds18b20.o(i.gpio_set_output)
    i.led_DisplayCurrentTemperature          0x08002318   Section        0  ledseg.o(i.led_DisplayCurrentTemperature)
    led_DisplayCurrentTemperature            0x08002319   Thumb Code    88  ledseg.o(i.led_DisplayCurrentTemperature)
    i.led_DisplaySetTemperature              0x08002374   Section        0  ledseg.o(i.led_DisplaySetTemperature)
    led_DisplaySetTemperature                0x08002375   Thumb Code    84  ledseg.o(i.led_DisplaySetTemperature)
    i.led_OutData                            0x080023cc   Section        0  ledseg.o(i.led_OutData)
    led_OutData                              0x080023cd   Thumb Code    50  ledseg.o(i.led_OutData)
    i.main                                   0x08002408   Section        0  main.o(i.main)
    i.powf                                   0x0800242c   Section        0  powf.o(i.powf)
    .constdata                               0x08002a4c   Section       16  system_stm32f1xx.o(.constdata)
    .constdata                               0x08002a5c   Section        8  system_stm32f1xx.o(.constdata)
    .constdata                               0x08002a64   Section        8  keypad.o(.constdata)
    GPIO_PIN                                 0x08002a64   Data           8  keypad.o(.constdata)
    .constdata                               0x08002a6c   Section       42  ledseg.o(.constdata)
    GPIO_DPIN                                0x08002a6c   Data          16  ledseg.o(.constdata)
    GPIO_SPIN                                0x08002a7c   Data          16  ledseg.o(.constdata)
    seg7Code                                 0x08002a8c   Data          10  ledseg.o(.constdata)
    .constdata                               0x08002a98   Section      320  powf.o(.constdata)
    table                                    0x08002a98   Data         128  powf.o(.constdata)
    powersof2to1over16top                    0x08002b18   Data          64  powf.o(.constdata)
    powersof2to1over16bot                    0x08002b58   Data          64  powf.o(.constdata)
    powersof2to1over16all                    0x08002b98   Data          64  powf.o(.constdata)
    .data                                    0x20000000   Section        4  system_stm32f1xx.o(.data)
    .data                                    0x20000004   Section       28  app.o(.data)
    .data                                    0x20000020   Section       12  ds18b20.o(.data)
    g_tick                                   0x20000024   Data           4  ds18b20.o(.data)
    .data                                    0x2000002c   Section       32  keypad.o(.data)
    keypress                                 0x2000002c   Data           1  keypad.o(.data)
    keypad_tick                              0x20000030   Data           4  keypad.o(.data)
    g_callback                               0x20000034   Data           8  keypad.o(.data)
    GPIO_PORT                                0x2000003c   Data          16  keypad.o(.data)
    .data                                    0x2000004c   Section       72  ledseg.o(.data)
    GPIO_DPORT                               0x20000054   Data          32  ledseg.o(.data)
    GPIO_SPORT                               0x20000074   Data          32  ledseg.o(.data)
    .data                                    0x20000094   Section       12  stm32f1xx_hal.o(.data)
    .data                                    0x200000a0   Section       48  pid_1.o(.data)
    .data                                    0x200000d0   Section        4  errno.o(.data)
    _errno                                   0x200000d0   Data           4  errno.o(.data)
    .bss                                     0x200000d4   Section      128  tim.o(.bss)
    .bss                                     0x20000154   Section       64  usart.o(.bss)
    .bss                                     0x20000194   Section       16  ds18b20.o(.bss)
    GPIO_InitDS18B20Struct                   0x20000194   Data          16  ds18b20.o(.bss)
    .bss                                     0x200001a4   Section       12  pid_1.o(.bss)
    STACK                                    0x200001b0   Section     1024  startup_stm32f103xb.o(STACK)

    Global Symbols

    Symbol Name                              Value     Ov Type        Size  Object(Section)

    BuildAttributes$$THM_ISAv4$P$D$K$B$S$PE$A:L22UL41UL21$X:L11$S22US41US21$IEEE1$IW$USESV6$~STKCKD$USESV7$~SHL$OTIME$ROPI$IEEEX$EBA8$MICROLIB$REQ8$PRES8$EABIv2 0x00000000   Number         0  anon$$obj.o ABSOLUTE
    __ARM_use_no_argv                        0x00000000   Number         0  main.o ABSOLUTE
    _printf_a                                0x00000000   Number         0  stubs.o ABSOLUTE
    _printf_c                                0x00000000   Number         0  stubs.o ABSOLUTE
    _printf_charcount                        0x00000000   Number         0  stubs.o ABSOLUTE
    _printf_d                                0x00000000   Number         0  stubs.o ABSOLUTE
    _printf_e                                0x00000000   Number         0  stubs.o ABSOLUTE
    _printf_f                                0x00000000   Number         0  stubs.o ABSOLUTE
    _printf_flags                            0x00000000   Number         0  stubs.o ABSOLUTE
    _printf_fp_dec                           0x00000000   Number         0  stubs.o ABSOLUTE
    _printf_fp_hex                           0x00000000   Number         0  stubs.o ABSOLUTE
    _printf_g                                0x00000000   Number         0  stubs.o ABSOLUTE
    _printf_i                                0x00000000   Number         0  stubs.o ABSOLUTE
    _printf_int_dec                          0x00000000   Number         0  stubs.o ABSOLUTE
    _printf_l                                0x00000000   Number         0  stubs.o ABSOLUTE
    _printf_lc                               0x00000000   Number         0  stubs.o ABSOLUTE
    _printf_ll                               0x00000000   Number         0  stubs.o ABSOLUTE
    _printf_lld                              0x00000000   Number         0  stubs.o ABSOLUTE
    _printf_lli                              0x00000000   Number         0  stubs.o ABSOLUTE
    _printf_llo                              0x00000000   Number         0  stubs.o ABSOLUTE
    _printf_llu                              0x00000000   Number         0  stubs.o ABSOLUTE
    _printf_llx                              0x00000000   Number         0  stubs.o ABSOLUTE
    _printf_longlong_dec                     0x00000000   Number         0  stubs.o ABSOLUTE
    _printf_longlong_hex                     0x00000000   Number         0  stubs.o ABSOLUTE
    _printf_longlong_oct                     0x00000000   Number         0  stubs.o ABSOLUTE
    _printf_ls                               0x00000000   Number         0  stubs.o ABSOLUTE
    _printf_mbtowc                           0x00000000   Number         0  stubs.o ABSOLUTE
    _printf_n                                0x00000000   Number         0  stubs.o ABSOLUTE
    _printf_o                                0x00000000   Number         0  stubs.o ABSOLUTE
    _printf_p                                0x00000000   Number         0  stubs.o ABSOLUTE
    _printf_percent                          0x00000000   Number         0  stubs.o ABSOLUTE
    _printf_pre_padding                      0x00000000   Number         0  stubs.o ABSOLUTE
    _printf_return_value                     0x00000000   Number         0  stubs.o ABSOLUTE
    _printf_s                                0x00000000   Number         0  stubs.o ABSOLUTE
    _printf_sizespec                         0x00000000   Number         0  stubs.o ABSOLUTE
    _printf_str                              0x00000000   Number         0  stubs.o ABSOLUTE
    _printf_truncate_signed                  0x00000000   Number         0  stubs.o ABSOLUTE
    _printf_truncate_unsigned                0x00000000   Number         0  stubs.o ABSOLUTE
    _printf_u                                0x00000000   Number         0  stubs.o ABSOLUTE
    _printf_wc                               0x00000000   Number         0  stubs.o ABSOLUTE
    _printf_wctomb                           0x00000000   Number         0  stubs.o ABSOLUTE
    _printf_widthprec                        0x00000000   Number         0  stubs.o ABSOLUTE
    _printf_x                                0x00000000   Number         0  stubs.o ABSOLUTE
    __cpp_initialize__aeabi_                  - Undefined Weak Reference
    __cxa_finalize                            - Undefined Weak Reference
    __decompress                              - Undefined Weak Reference
    _clock_init                               - Undefined Weak Reference
    _microlib_exit                            - Undefined Weak Reference
    __Vectors_Size                           0x000000ec   Number         0  startup_stm32f103xb.o ABSOLUTE
    __Vectors                                0x08000000   Data           4  startup_stm32f103xb.o(RESET)
    __Vectors_End                            0x080000ec   Data           0  startup_stm32f103xb.o(RESET)
    __main                                   0x080000ed   Thumb Code     0  entry.o(.ARM.Collect$$$$00000000)
    _main_stk                                0x080000ed   Thumb Code     0  entry2.o(.ARM.Collect$$$$00000001)
    _main_scatterload                        0x080000f1   Thumb Code     0  entry5.o(.ARM.Collect$$$$00000004)
    __main_after_scatterload                 0x080000f5   Thumb Code     0  entry5.o(.ARM.Collect$$$$00000004)
    _main_clock                              0x080000f5   Thumb Code     0  entry7b.o(.ARM.Collect$$$$00000008)
    _main_cpp_init                           0x080000f5   Thumb Code     0  entry8b.o(.ARM.Collect$$$$0000000A)
    _main_init                               0x080000f5   Thumb Code     0  entry9a.o(.ARM.Collect$$$$0000000B)
    __rt_final_cpp                           0x080000fd   Thumb Code     0  entry10a.o(.ARM.Collect$$$$0000000D)
    __rt_final_exit                          0x080000fd   Thumb Code     0  entry11a.o(.ARM.Collect$$$$0000000F)
    Reset_Handler                            0x08000101   Thumb Code     8  startup_stm32f103xb.o(.text)
    ADC1_2_IRQHandler                        0x0800011b   Thumb Code     0  startup_stm32f103xb.o(.text)
    CAN1_RX1_IRQHandler                      0x0800011b   Thumb Code     0  startup_stm32f103xb.o(.text)
    CAN1_SCE_IRQHandler                      0x0800011b   Thumb Code     0  startup_stm32f103xb.o(.text)
    DMA1_Channel1_IRQHandler                 0x0800011b   Thumb Code     0  startup_stm32f103xb.o(.text)
    DMA1_Channel2_IRQHandler                 0x0800011b   Thumb Code     0  startup_stm32f103xb.o(.text)
    DMA1_Channel3_IRQHandler                 0x0800011b   Thumb Code     0  startup_stm32f103xb.o(.text)
    DMA1_Channel4_IRQHandler                 0x0800011b   Thumb Code     0  startup_stm32f103xb.o(.text)
    DMA1_Channel5_IRQHandler                 0x0800011b   Thumb Code     0  startup_stm32f103xb.o(.text)
    DMA1_Channel6_IRQHandler                 0x0800011b   Thumb Code     0  startup_stm32f103xb.o(.text)
    DMA1_Channel7_IRQHandler                 0x0800011b   Thumb Code     0  startup_stm32f103xb.o(.text)
    EXTI0_IRQHandler                         0x0800011b   Thumb Code     0  startup_stm32f103xb.o(.text)
    EXTI15_10_IRQHandler                     0x0800011b   Thumb Code     0  startup_stm32f103xb.o(.text)
    EXTI1_IRQHandler                         0x0800011b   Thumb Code     0  startup_stm32f103xb.o(.text)
    EXTI2_IRQHandler                         0x0800011b   Thumb Code     0  startup_stm32f103xb.o(.text)
    EXTI3_IRQHandler                         0x0800011b   Thumb Code     0  startup_stm32f103xb.o(.text)
    EXTI4_IRQHandler                         0x0800011b   Thumb Code     0  startup_stm32f103xb.o(.text)
    EXTI9_5_IRQHandler                       0x0800011b   Thumb Code     0  startup_stm32f103xb.o(.text)
    FLASH_IRQHandler                         0x0800011b   Thumb Code     0  startup_stm32f103xb.o(.text)
    I2C1_ER_IRQHandler                       0x0800011b   Thumb Code     0  startup_stm32f103xb.o(.text)
    I2C1_EV_IRQHandler                       0x0800011b   Thumb Code     0  startup_stm32f103xb.o(.text)
    I2C2_ER_IRQHandler                       0x0800011b   Thumb Code     0  startup_stm32f103xb.o(.text)
    I2C2_EV_IRQHandler                       0x0800011b   Thumb Code     0  startup_stm32f103xb.o(.text)
    PVD_IRQHandler                           0x0800011b   Thumb Code     0  startup_stm32f103xb.o(.text)
    RCC_IRQHandler                           0x0800011b   Thumb Code     0  startup_stm32f103xb.o(.text)
    RTC_Alarm_IRQHandler                     0x0800011b   Thumb Code     0  startup_stm32f103xb.o(.text)
    RTC_IRQHandler                           0x0800011b   Thumb Code     0  startup_stm32f103xb.o(.text)
    SPI1_IRQHandler                          0x0800011b   Thumb Code     0  startup_stm32f103xb.o(.text)
    SPI2_IRQHandler                          0x0800011b   Thumb Code     0  startup_stm32f103xb.o(.text)
    TAMPER_IRQHandler                        0x0800011b   Thumb Code     0  startup_stm32f103xb.o(.text)
    TIM1_BRK_IRQHandler                      0x0800011b   Thumb Code     0  startup_stm32f103xb.o(.text)
    TIM1_CC_IRQHandler                       0x0800011b   Thumb Code     0  startup_stm32f103xb.o(.text)
    TIM1_TRG_COM_IRQHandler                  0x0800011b   Thumb Code     0  startup_stm32f103xb.o(.text)
    TIM1_UP_IRQHandler                       0x0800011b   Thumb Code     0  startup_stm32f103xb.o(.text)
    TIM2_IRQHandler                          0x0800011b   Thumb Code     0  startup_stm32f103xb.o(.text)
    TIM3_IRQHandler                          0x0800011b   Thumb Code     0  startup_stm32f103xb.o(.text)
    USART1_IRQHandler                        0x0800011b   Thumb Code     0  startup_stm32f103xb.o(.text)
    USART2_IRQHandler                        0x0800011b   Thumb Code     0  startup_stm32f103xb.o(.text)
    USART3_IRQHandler                        0x0800011b   Thumb Code     0  startup_stm32f103xb.o(.text)
    USBWakeUp_IRQHandler                     0x0800011b   Thumb Code     0  startup_stm32f103xb.o(.text)
    USB_HP_CAN1_TX_IRQHandler                0x0800011b   Thumb Code     0  startup_stm32f103xb.o(.text)
    USB_LP_CAN1_RX0_IRQHandler               0x0800011b   Thumb Code     0  startup_stm32f103xb.o(.text)
    WWDG_IRQHandler                          0x0800011b   Thumb Code     0  startup_stm32f103xb.o(.text)
    __aeabi_llsr                             0x08000125   Thumb Code    32  llushr.o(.text)
    _ll_ushift_r                             0x08000125   Thumb Code     0  llushr.o(.text)
    __aeabi_memset                           0x08000145   Thumb Code    14  memseta.o(.text)
    __aeabi_memset4                          0x08000145   Thumb Code     0  memseta.o(.text)
    __aeabi_memset8                          0x08000145   Thumb Code     0  memseta.o(.text)
    __aeabi_memclr                           0x08000153   Thumb Code     4  memseta.o(.text)
    __aeabi_memclr4                          0x08000153   Thumb Code     0  memseta.o(.text)
    __aeabi_memclr8                          0x08000153   Thumb Code     0  memseta.o(.text)
    _memset$wrapper                          0x08000157   Thumb Code    18  memseta.o(.text)
    __aeabi_fadd                             0x08000169   Thumb Code   164  fadd.o(.text)
    __aeabi_fsub                             0x0800020d   Thumb Code     6  fadd.o(.text)
    __aeabi_frsub                            0x08000213   Thumb Code     6  fadd.o(.text)
    __aeabi_fmul                             0x08000219   Thumb Code   100  fmul.o(.text)
    __aeabi_fdiv                             0x0800027d   Thumb Code   124  fdiv.o(.text)
    __ARM_scalbnf                            0x080002f9   Thumb Code    24  fscalb.o(.text)
    scalbnf                                  0x080002f9   Thumb Code     0  fscalb.o(.text)
    __aeabi_dadd                             0x08000311   Thumb Code   322  dadd.o(.text)
    __aeabi_dsub                             0x08000453   Thumb Code     6  dadd.o(.text)
    __aeabi_drsub                            0x08000459   Thumb Code     6  dadd.o(.text)
    __aeabi_dmul                             0x0800045f   Thumb Code   228  dmul.o(.text)
    __ARM_scalbn                             0x08000543   Thumb Code    46  dscalb.o(.text)
    scalbn                                   0x08000543   Thumb Code     0  dscalb.o(.text)
    __aeabi_i2f                              0x08000571   Thumb Code    18  fflti.o(.text)
    __aeabi_ui2f                             0x08000583   Thumb Code    10  ffltui.o(.text)
    __aeabi_f2uiz                            0x0800058d   Thumb Code    40  ffixui.o(.text)
    __aeabi_f2d                              0x080005b5   Thumb Code    38  f2d.o(.text)
    __aeabi_d2f                              0x080005db   Thumb Code    56  d2f.o(.text)
    __aeabi_cfcmpeq                          0x08000615   Thumb Code     0  cfcmple.o(.text)
    __aeabi_cfcmple                          0x08000615   Thumb Code    20  cfcmple.o(.text)
    __aeabi_cfrcmple                         0x08000629   Thumb Code    20  cfrcmple.o(.text)
    __aeabi_llsl                             0x0800063d   Thumb Code    30  llshl.o(.text)
    _ll_shift_l                              0x0800063d   Thumb Code     0  llshl.o(.text)
    __aeabi_lasr                             0x0800065b   Thumb Code    36  llsshr.o(.text)
    _ll_sshift_r                             0x0800065b   Thumb Code     0  llsshr.o(.text)
    __I$use$fp                               0x0800067f   Thumb Code     0  iusefp.o(.text)
    _float_round                             0x0800067f   Thumb Code    18  fepilogue.o(.text)
    _float_epilogue                          0x08000691   Thumb Code    92  fepilogue.o(.text)
    _double_round                            0x080006ed   Thumb Code    30  depilogue.o(.text)
    _double_epilogue                         0x0800070b   Thumb Code   156  depilogue.o(.text)
    _ffix_r                                  0x080007a7   Thumb Code    76  ffixir.o(.text)
    __fp_status                              0x080007f3   Thumb Code     4  fpstat.o(.text)
    __ieee_status                            0x080007f3   Thumb Code     0  fpstat.o(.text)
    __scatterload                            0x080007f9   Thumb Code    28  init.o(.text)
    __scatterload_rt2                        0x080007f9   Thumb Code     0  init.o(.text)
    App_Init                                 0x0800081d   Thumb Code    42  app.o(i.App_Init)
    App_Step                                 0x08000855   Thumb Code    86  app.o(i.App_Step)
    BusFault_Handler                         0x080008b5   Thumb Code     2  stm32f1xx_it.o(i.BusFault_Handler)
    Compute                                  0x080008b9   Thumb Code   224  pid_1.o(i.Compute)
    DS18B20_Init                             0x080009a5   Thumb Code    74  ds18b20.o(i.DS18B20_Init)
    DS18B20_Process                          0x080009f5   Thumb Code   100  ds18b20.o(i.DS18B20_Process)
    DS18B20_ReadTempratureF                  0x08000a5d   Thumb Code    76  ds18b20.o(i.DS18B20_ReadTempratureF)
    DebugMon_Handler                         0x08000aad   Thumb Code     2  stm32f1xx_it.o(i.DebugMon_Handler)
    Error_Handler                            0x08000ad9   Thumb Code     2  main.o(i.Error_Handler)
    HAL_GPIO_Init                            0x08000add   Thumb Code   446  stm32f1xx_hal_gpio.o(i.HAL_GPIO_Init)
    HAL_GPIO_ReadPin                         0x08000cbd   Thumb Code    10  stm32f1xx_hal_gpio.o(i.HAL_GPIO_ReadPin)
    HAL_GPIO_WritePin                        0x08000cc7   Thumb Code    10  stm32f1xx_hal_gpio.o(i.HAL_GPIO_WritePin)
    HAL_GetTick                              0x08000cd1   Thumb Code     6  stm32f1xx_hal.o(i.HAL_GetTick)
    HAL_IncTick                              0x08000cdd   Thumb Code    12  stm32f1xx_hal.o(i.HAL_IncTick)
    HAL_Init                                 0x08000ced   Thumb Code    32  stm32f1xx_hal.o(i.HAL_Init)
    HAL_InitTick                             0x08000d11   Thumb Code    54  stm32f1xx_hal.o(i.HAL_InitTick)
    HAL_MspInit                              0x08000d51   Thumb Code    52  stm32f1xx_hal_msp.o(i.HAL_MspInit)
    HAL_NVIC_EnableIRQ                       0x08000d8d   Thumb Code    26  stm32f1xx_hal_cortex.o(i.HAL_NVIC_EnableIRQ)
    HAL_NVIC_SetPriority                     0x08000da9   Thumb Code    60  stm32f1xx_hal_cortex.o(i.HAL_NVIC_SetPriority)
    HAL_NVIC_SetPriorityGrouping             0x08000de9   Thumb Code    26  stm32f1xx_hal_cortex.o(i.HAL_NVIC_SetPriorityGrouping)
    HAL_RCC_ClockConfig                      0x08000e0d   Thumb Code   280  stm32f1xx_hal_rcc.o(i.HAL_RCC_ClockConfig)
    HAL_RCC_GetPCLK1Freq                     0x08000f39   Thumb Code    20  stm32f1xx_hal_rcc.o(i.HAL_RCC_GetPCLK1Freq)
    HAL_RCC_GetPCLK2Freq                     0x08000f59   Thumb Code    20  stm32f1xx_hal_rcc.o(i.HAL_RCC_GetPCLK2Freq)
    HAL_RCC_GetSysClockFreq                  0x08000f79   Thumb Code    74  stm32f1xx_hal_rcc.o(i.HAL_RCC_GetSysClockFreq)
    HAL_RCC_OscConfig                        0x08000fe5   Thumb Code   778  stm32f1xx_hal_rcc.o(i.HAL_RCC_OscConfig)
    HAL_SYSTICK_Config                       0x08001305   Thumb Code    40  stm32f1xx_hal_cortex.o(i.HAL_SYSTICK_Config)
    HAL_TIMEx_BreakCallback                  0x0800132d   Thumb Code     2  stm32f1xx_hal_tim_ex.o(i.HAL_TIMEx_BreakCallback)
    HAL_TIMEx_CommutCallback                 0x0800132f   Thumb Code     2  stm32f1xx_hal_tim_ex.o(i.HAL_TIMEx_CommutCallback)
    HAL_TIMEx_ConfigBreakDeadTime            0x08001331   Thumb Code    84  stm32f1xx_hal_tim_ex.o(i.HAL_TIMEx_ConfigBreakDeadTime)
    HAL_TIMEx_MasterConfigSynchronization    0x08001385   Thumb Code    66  stm32f1xx_hal_tim_ex.o(i.HAL_TIMEx_MasterConfigSynchronization)
    HAL_TIM_Base_Init                        0x080013c7   Thumb Code    54  stm32f1xx_hal_tim.o(i.HAL_TIM_Base_Init)
    HAL_TIM_Base_MspInit                     0x080013fd   Thumb Code    72  tim.o(i.HAL_TIM_Base_MspInit)
    HAL_TIM_Base_Start_IT                    0x08001451   Thumb Code    34  stm32f1xx_hal_tim.o(i.HAL_TIM_Base_Start_IT)
    HAL_TIM_ConfigClockSource                0x08001473   Thumb Code   214  stm32f1xx_hal_tim.o(i.HAL_TIM_ConfigClockSource)
    HAL_TIM_IC_CaptureCallback               0x08001549   Thumb Code     2  stm32f1xx_hal_tim.o(i.HAL_TIM_IC_CaptureCallback)
    HAL_TIM_IRQHandler                       0x0800154b   Thumb Code   358  stm32f1xx_hal_tim.o(i.HAL_TIM_IRQHandler)
    HAL_TIM_MspPostInit                      0x080016b1   Thumb Code    64  tim.o(i.HAL_TIM_MspPostInit)
    HAL_TIM_OC_DelayElapsedCallback          0x080016fd   Thumb Code     2  stm32f1xx_hal_tim.o(i.HAL_TIM_OC_DelayElapsedCallback)
    HAL_TIM_PWM_ConfigChannel                0x080016ff   Thumb Code   208  stm32f1xx_hal_tim.o(i.HAL_TIM_PWM_ConfigChannel)
    HAL_TIM_PWM_Init                         0x080017cf   Thumb Code    54  stm32f1xx_hal_tim.o(i.HAL_TIM_PWM_Init)
    HAL_TIM_PWM_MspInit                      0x08001805   Thumb Code     2  stm32f1xx_hal_tim.o(i.HAL_TIM_PWM_MspInit)
    HAL_TIM_PWM_PulseFinishedCallback        0x08001807   Thumb Code     2  stm32f1xx_hal_tim.o(i.HAL_TIM_PWM_PulseFinishedCallback)
    HAL_TIM_PeriodElapsedCallback            0x08001809   Thumb Code    14  app.o(i.HAL_TIM_PeriodElapsedCallback)
    HAL_TIM_TriggerCallback                  0x0800181d   Thumb Code     2  stm32f1xx_hal_tim.o(i.HAL_TIM_TriggerCallback)
    HAL_UART_Init                            0x0800181f   Thumb Code    98  stm32f1xx_hal_uart.o(i.HAL_UART_Init)
    HAL_UART_MspInit                         0x08001881   Thumb Code   100  usart.o(i.HAL_UART_MspInit)
    HardFault_Handler                        0x080018f1   Thumb Code     2  stm32f1xx_it.o(i.HardFault_Handler)
    Keypad_Init                              0x080019ad   Thumb Code     8  keypad.o(i.Keypad_Init)
    Keypad_InstallCallback                   0x080019b9   Thumb Code     8  keypad.o(i.Keypad_InstallCallback)
    Keypad_Process                           0x080019c5   Thumb Code   128  keypad.o(i.Keypad_Process)
    Led_Init                                 0x08001a4d   Thumb Code     4  ledseg.o(i.Led_Init)
    Led_Process                              0x08001a51   Thumb Code    86  ledseg.o(i.Led_Process)
    Led_SetBlink                             0x08001ab1   Thumb Code     6  ledseg.o(i.Led_SetBlink)
    Led_UpdateSetupValue                     0x08001abd   Thumb Code    12  ledseg.o(i.Led_UpdateSetupValue)
    Led_UpdateTemperatureValue               0x08001acd   Thumb Code    12  ledseg.o(i.Led_UpdateTemperatureValue)
    MX_GPIO_Init                             0x08001add   Thumb Code   176  gpio.o(i.MX_GPIO_Init)
    MX_TIM1_Init                             0x08001b99   Thumb Code   194  tim.o(i.MX_TIM1_Init)
    MX_TIM4_Init                             0x08001c65   Thumb Code    92  tim.o(i.MX_TIM4_Init)
    MX_USART1_UART_Init                      0x08001cc9   Thumb Code    48  usart.o(i.MX_USART1_UART_Init)
    MemManage_Handler                        0x08001d01   Thumb Code     2  stm32f1xx_it.o(i.MemManage_Handler)
    NMI_Handler                              0x08001d03   Thumb Code     2  stm32f1xx_it.o(i.NMI_Handler)
    PID_Controller                           0x08001d05   Thumb Code    60  pid_1.o(i.PID_Controller)
    PendSV_Handler                           0x08001d4d   Thumb Code     2  stm32f1xx_it.o(i.PendSV_Handler)
    SVC_Handler                              0x08001d4f   Thumb Code     2  stm32f1xx_it.o(i.SVC_Handler)
    SetParameters                            0x08001d51   Thumb Code    70  pid_1.o(i.SetParameters)
    SetSampleTime                            0x08001da9   Thumb Code    60  pid_1.o(i.SetSampleTime)
    SysTick_Handler                          0x08001ded   Thumb Code     4  stm32f1xx_it.o(i.SysTick_Handler)
    SystemClock_Config                       0x08001df1   Thumb Code    90  main.o(i.SystemClock_Config)
    SystemInit                               0x08001e4d   Thumb Code    56  system_stm32f1xx.o(i.SystemInit)
    TIM4_IRQHandler                          0x08001e95   Thumb Code     6  stm32f1xx_it.o(i.TIM4_IRQHandler)
    TIM_Base_SetConfig                       0x08001ea1   Thumb Code    94  stm32f1xx_hal_tim.o(i.TIM_Base_SetConfig)
    TIM_ETR_SetConfig                        0x08001f0d   Thumb Code    20  stm32f1xx_hal_tim.o(i.TIM_ETR_SetConfig)
    TIM_OC2_SetConfig                        0x08001f81   Thumb Code    84  stm32f1xx_hal_tim.o(i.TIM_OC2_SetConfig)
    UsageFault_Handler                       0x08002175   Thumb Code     2  stm32f1xx_it.o(i.UsageFault_Handler)
    __ARM_fpclassifyf                        0x08002177   Thumb Code    38  fpclassifyf.o(i.__ARM_fpclassifyf)
    __mathlib_flt_divzero                    0x080021bd   Thumb Code    10  funder.o(i.__mathlib_flt_divzero)
    __mathlib_flt_infnan2                    0x080021c7   Thumb Code     4  funder.o(i.__mathlib_flt_infnan2)
    __mathlib_flt_invalid                    0x080021cb   Thumb Code     8  funder.o(i.__mathlib_flt_invalid)
    __mathlib_flt_overflow                   0x080021d3   Thumb Code    10  funder.o(i.__mathlib_flt_overflow)
    __mathlib_flt_underflow                  0x080021dd   Thumb Code    10  funder.o(i.__mathlib_flt_underflow)
    __scatterload_copy                       0x080021e7   Thumb Code    14  handlers.o(i.__scatterload_copy)
    __scatterload_null                       0x080021f5   Thumb Code     2  handlers.o(i.__scatterload_null)
    __scatterload_zeroinit                   0x080021f7   Thumb Code    14  handlers.o(i.__scatterload_zeroinit)
    __set_errno                              0x08002205   Thumb Code     6  errno.o(i.__set_errno)
    main                                     0x08002409   Thumb Code    34  main.o(i.main)
    __mathlib_powf                           0x0800242d   Thumb Code     0  powf.o(i.powf)
    powf                                     0x0800242d   Thumb Code  1548  powf.o(i.powf)
    AHBPrescTable                            0x08002a4c   Data          16  system_stm32f1xx.o(.constdata)
    APBPrescTable                            0x08002a5c   Data           8  system_stm32f1xx.o(.constdata)
    Region$$Table$$Base                      0x08002bd8   Number         0  anon$$obj.o(Region$$Table)
    Region$$Table$$Limit                     0x08002bf8   Number         0  anon$$obj.o(Region$$Table)
    SystemCoreClock                          0x20000000   Data           4  system_stm32f1xx.o(.data)
    gStatusSetting                           0x20000004   Data           1  app.o(.data)
    gTemperatureSetBuf                       0x20000006   Data           2  app.o(.data)
    gTemperatureRead                         0x20000008   Data           4  app.o(.data)
    gTemperatureSet                          0x2000000c   Data           4  app.o(.data)
    Kp                                       0x20000010   Data           4  app.o(.data)
    Ki                                       0x20000014   Data           4  app.o(.data)
    Kd                                       0x20000018   Data           4  app.o(.data)
    setSampleTime                            0x2000001c   Data           4  app.o(.data)
    g_status                                 0x20000020   Data           1  ds18b20.o(.data)
    g_utemperature                           0x20000022   Data           2  ds18b20.o(.data)
    g_ftemperature                           0x20000028   Data           4  ds18b20.o(.data)
    ledSelectDisplay                         0x2000004c   Data           1  ledseg.o(.data)
    ledBlink                                 0x2000004d   Data           1  ledseg.o(.data)
    setValue                                 0x2000004e   Data           2  ledseg.o(.data)
    temperatureValue                         0x20000050   Data           2  ledseg.o(.data)
    uwTickFreq                               0x20000094   Data           1  stm32f1xx_hal.o(.data)
    uwTickPrio                               0x20000098   Data           4  stm32f1xx_hal.o(.data)
    uwTick                                   0x2000009c   Data           4  stm32f1xx_hal.o(.data)
    SampleTime                               0x200000a0   Data           4  pid_1.o(.data)
    Input                                    0x200000a4   Data           4  pid_1.o(.data)
    Output                                   0x200000a8   Data           4  pid_1.o(.data)
    Setpoint                                 0x200000ac   Data           4  pid_1.o(.data)
    error                                    0x200000b0   Data           4  pid_1.o(.data)
    errSum                                   0x200000b4   Data           4  pid_1.o(.data)
    deltaErr                                 0x200000b8   Data           4  pid_1.o(.data)
    dErr                                     0x200000bc   Data           4  pid_1.o(.data)
    pre_err                                  0x200000c0   Data           4  pid_1.o(.data)
    pre_pre_err                              0x200000c4   Data           4  pid_1.o(.data)
    lastTime                                 0x200000c8   Data           4  pid_1.o(.data)
    PWM_Duty                                 0x200000cc   Data           4  pid_1.o(.data)
    htim1                                    0x200000d4   Data          64  tim.o(.bss)
    htim4                                    0x20000114   Data          64  tim.o(.bss)
    huart1                                   0x20000154   Data          64  usart.o(.bss)
    PIDStruct                                0x200001a4   Data          12  pid_1.o(.bss)
    __initial_sp                             0x200005b0   Data           0  startup_stm32f103xb.o(STACK)



==============================================================================

Memory Map of the image

  Image Entry point : 0x080000ed

  Load Region LR_IROM1 (Base: 0x08000000, Size: 0x00002ccc, Max: 0x00010000, ABSOLUTE)

    Execution Region ER_IROM1 (Exec base: 0x08000000, Load base: 0x08000000, Size: 0x00002bf8, Max: 0x00010000, ABSOLUTE)

    Exec Addr    Load Addr    Size         Type   Attr      Idx    E Section Name        Object

    0x08000000   0x08000000   0x000000ec   Data   RO            3    RESET               startup_stm32f103xb.o
    0x080000ec   0x080000ec   0x00000000   Code   RO         3076  * .ARM.Collect$$$$00000000  mc_w.l(entry.o)
    0x080000ec   0x080000ec   0x00000004   Code   RO         3388    .ARM.Collect$$$$00000001  mc_w.l(entry2.o)
    0x080000f0   0x080000f0   0x00000004   Code   RO         3391    .ARM.Collect$$$$00000004  mc_w.l(entry5.o)
    0x080000f4   0x080000f4   0x00000000   Code   RO         3393    .ARM.Collect$$$$00000008  mc_w.l(entry7b.o)
    0x080000f4   0x080000f4   0x00000000   Code   RO         3395    .ARM.Collect$$$$0000000A  mc_w.l(entry8b.o)
    0x080000f4   0x080000f4   0x00000008   Code   RO         3396    .ARM.Collect$$$$0000000B  mc_w.l(entry9a.o)
    0x080000fc   0x080000fc   0x00000000   Code   RO         3398    .ARM.Collect$$$$0000000D  mc_w.l(entry10a.o)
    0x080000fc   0x080000fc   0x00000000   Code   RO         3400    .ARM.Collect$$$$0000000F  mc_w.l(entry11a.o)
    0x080000fc   0x080000fc   0x00000004   Code   RO         3389    .ARM.Collect$$$$00002712  mc_w.l(entry2.o)
    0x08000100   0x08000100   0x00000024   Code   RO            4    .text               startup_stm32f103xb.o
    0x08000124   0x08000124   0x00000020   Code   RO         3079    .text               mc_w.l(llushr.o)
    0x08000144   0x08000144   0x00000024   Code   RO         3081    .text               mc_w.l(memseta.o)
    0x08000168   0x08000168   0x000000b0   Code   RO         3344    .text               mf_w.l(fadd.o)
    0x08000218   0x08000218   0x00000064   Code   RO         3346    .text               mf_w.l(fmul.o)
    0x0800027c   0x0800027c   0x0000007c   Code   RO         3348    .text               mf_w.l(fdiv.o)
    0x080002f8   0x080002f8   0x00000018   Code   RO         3350    .text               mf_w.l(fscalb.o)
    0x08000310   0x08000310   0x0000014e   Code   RO         3352    .text               mf_w.l(dadd.o)
    0x0800045e   0x0800045e   0x000000e4   Code   RO         3354    .text               mf_w.l(dmul.o)
    0x08000542   0x08000542   0x0000002e   Code   RO         3356    .text               mf_w.l(dscalb.o)
    0x08000570   0x08000570   0x00000012   Code   RO         3358    .text               mf_w.l(fflti.o)
    0x08000582   0x08000582   0x0000000a   Code   RO         3360    .text               mf_w.l(ffltui.o)
    0x0800058c   0x0800058c   0x00000028   Code   RO         3362    .text               mf_w.l(ffixui.o)
    0x080005b4   0x080005b4   0x00000026   Code   RO         3364    .text               mf_w.l(f2d.o)
    0x080005da   0x080005da   0x00000038   Code   RO         3366    .text               mf_w.l(d2f.o)
    0x08000612   0x08000612   0x00000002   PAD
    0x08000614   0x08000614   0x00000014   Code   RO         3368    .text               mf_w.l(cfcmple.o)
    0x08000628   0x08000628   0x00000014   Code   RO         3370    .text               mf_w.l(cfrcmple.o)
    0x0800063c   0x0800063c   0x0000001e   Code   RO         3409    .text               mc_w.l(llshl.o)
    0x0800065a   0x0800065a   0x00000024   Code   RO         3411    .text               mc_w.l(llsshr.o)
    0x0800067e   0x0800067e   0x00000000   Code   RO         3420    .text               mc_w.l(iusefp.o)
    0x0800067e   0x0800067e   0x0000006e   Code   RO         3421    .text               mf_w.l(fepilogue.o)
    0x080006ec   0x080006ec   0x000000ba   Code   RO         3423    .text               mf_w.l(depilogue.o)
    0x080007a6   0x080007a6   0x0000004c   Code   RO         3429    .text               mf_w.l(ffixir.o)
    0x080007f2   0x080007f2   0x00000004   Code   RO         3433    .text               mf_w.l(fpstat.o)
    0x080007f6   0x080007f6   0x00000002   PAD
    0x080007f8   0x080007f8   0x00000024   Code   RO         3435    .text               mc_w.l(init.o)
    0x0800081c   0x0800081c   0x00000038   Code   RO          412    i.App_Init          app.o
    0x08000854   0x08000854   0x00000060   Code   RO          413    i.App_Step          app.o
    0x080008b4   0x080008b4   0x00000002   Code   RO          268    i.BusFault_Handler  stm32f1xx_it.o
    0x080008b6   0x080008b6   0x00000002   PAD
    0x080008b8   0x080008b8   0x000000ec   Code   RO         3010    i.Compute           pid_1.o
    0x080009a4   0x080009a4   0x00000050   Code   RO          505    i.DS18B20_Init      ds18b20.o
    0x080009f4   0x080009f4   0x00000068   Code   RO          506    i.DS18B20_Process   ds18b20.o
    0x08000a5c   0x08000a5c   0x00000050   Code   RO          507    i.DS18B20_ReadTempratureF  ds18b20.o
    0x08000aac   0x08000aac   0x00000002   Code   RO          269    i.DebugMon_Handler  stm32f1xx_it.o
    0x08000aae   0x08000aae   0x00000002   PAD
    0x08000ab0   0x08000ab0   0x00000028   Code   RO          509    i.DelayMicro        ds18b20.o
    0x08000ad8   0x08000ad8   0x00000002   Code   RO           13    i.Error_Handler     main.o
    0x08000ada   0x08000ada   0x00000002   PAD
    0x08000adc   0x08000adc   0x000001e0   Code   RO         2350    i.HAL_GPIO_Init     stm32f1xx_hal_gpio.o
    0x08000cbc   0x08000cbc   0x0000000a   Code   RO         2352    i.HAL_GPIO_ReadPin  stm32f1xx_hal_gpio.o
    0x08000cc6   0x08000cc6   0x0000000a   Code   RO         2354    i.HAL_GPIO_WritePin  stm32f1xx_hal_gpio.o
    0x08000cd0   0x08000cd0   0x0000000c   Code   RO         2046    i.HAL_GetTick       stm32f1xx_hal.o
    0x08000cdc   0x08000cdc   0x00000010   Code   RO         2052    i.HAL_IncTick       stm32f1xx_hal.o
    0x08000cec   0x08000cec   0x00000024   Code   RO         2053    i.HAL_Init          stm32f1xx_hal.o
    0x08000d10   0x08000d10   0x00000040   Code   RO         2054    i.HAL_InitTick      stm32f1xx_hal.o
    0x08000d50   0x08000d50   0x0000003c   Code   RO          350    i.HAL_MspInit       stm32f1xx_hal_msp.o
    0x08000d8c   0x08000d8c   0x0000001a   Code   RO         2510    i.HAL_NVIC_EnableIRQ  stm32f1xx_hal_cortex.o
    0x08000da6   0x08000da6   0x00000002   PAD
    0x08000da8   0x08000da8   0x00000040   Code   RO         2516    i.HAL_NVIC_SetPriority  stm32f1xx_hal_cortex.o
    0x08000de8   0x08000de8   0x00000024   Code   RO         2517    i.HAL_NVIC_SetPriorityGrouping  stm32f1xx_hal_cortex.o
    0x08000e0c   0x08000e0c   0x0000012c   Code   RO         2210    i.HAL_RCC_ClockConfig  stm32f1xx_hal_rcc.o
    0x08000f38   0x08000f38   0x00000020   Code   RO         2217    i.HAL_RCC_GetPCLK1Freq  stm32f1xx_hal_rcc.o
    0x08000f58   0x08000f58   0x00000020   Code   RO         2218    i.HAL_RCC_GetPCLK2Freq  stm32f1xx_hal_rcc.o
    0x08000f78   0x08000f78   0x0000006c   Code   RO         2219    i.HAL_RCC_GetSysClockFreq  stm32f1xx_hal_rcc.o
    0x08000fe4   0x08000fe4   0x00000320   Code   RO         2222    i.HAL_RCC_OscConfig  stm32f1xx_hal_rcc.o
    0x08001304   0x08001304   0x00000028   Code   RO         2521    i.HAL_SYSTICK_Config  stm32f1xx_hal_cortex.o
    0x0800132c   0x0800132c   0x00000002   Code   RO         1458    i.HAL_TIMEx_BreakCallback  stm32f1xx_hal_tim_ex.o
    0x0800132e   0x0800132e   0x00000002   Code   RO         1459    i.HAL_TIMEx_CommutCallback  stm32f1xx_hal_tim_ex.o
    0x08001330   0x08001330   0x00000054   Code   RO         1461    i.HAL_TIMEx_ConfigBreakDeadTime  stm32f1xx_hal_tim_ex.o
    0x08001384   0x08001384   0x00000042   Code   RO         1476    i.HAL_TIMEx_MasterConfigSynchronization  stm32f1xx_hal_tim_ex.o
    0x080013c6   0x080013c6   0x00000036   Code   RO          783    i.HAL_TIM_Base_Init  stm32f1xx_hal_tim.o
    0x080013fc   0x080013fc   0x00000054   Code   RO          173    i.HAL_TIM_Base_MspInit  tim.o
    0x08001450   0x08001450   0x00000022   Code   RO          788    i.HAL_TIM_Base_Start_IT  stm32f1xx_hal_tim.o
    0x08001472   0x08001472   0x000000d6   Code   RO          792    i.HAL_TIM_ConfigClockSource  stm32f1xx_hal_tim.o
    0x08001548   0x08001548   0x00000002   Code   RO          812    i.HAL_TIM_IC_CaptureCallback  stm32f1xx_hal_tim.o
    0x0800154a   0x0800154a   0x00000166   Code   RO          826    i.HAL_TIM_IRQHandler  stm32f1xx_hal_tim.o
    0x080016b0   0x080016b0   0x0000004c   Code   RO          174    i.HAL_TIM_MspPostInit  tim.o
    0x080016fc   0x080016fc   0x00000002   Code   RO          829    i.HAL_TIM_OC_DelayElapsedCallback  stm32f1xx_hal_tim.o
    0x080016fe   0x080016fe   0x000000d0   Code   RO          850    i.HAL_TIM_PWM_ConfigChannel  stm32f1xx_hal_tim.o
    0x080017ce   0x080017ce   0x00000036   Code   RO          853    i.HAL_TIM_PWM_Init  stm32f1xx_hal_tim.o
    0x08001804   0x08001804   0x00000002   Code   RO          855    i.HAL_TIM_PWM_MspInit  stm32f1xx_hal_tim.o
    0x08001806   0x08001806   0x00000002   Code   RO          856    i.HAL_TIM_PWM_PulseFinishedCallback  stm32f1xx_hal_tim.o
    0x08001808   0x08001808   0x00000014   Code   RO          414    i.HAL_TIM_PeriodElapsedCallback  app.o
    0x0800181c   0x0800181c   0x00000002   Code   RO          869    i.HAL_TIM_TriggerCallback  stm32f1xx_hal_tim.o
    0x0800181e   0x0800181e   0x00000062   Code   RO         1734    i.HAL_UART_Init     stm32f1xx_hal_uart.o
    0x08001880   0x08001880   0x00000070   Code   RO          227    i.HAL_UART_MspInit  usart.o
    0x080018f0   0x080018f0   0x00000002   Code   RO          270    i.HardFault_Handler  stm32f1xx_it.o
    0x080018f2   0x080018f2   0x00000002   PAD
    0x080018f4   0x080018f4   0x000000b8   Code   RO          415    i.Keypad_Handler    app.o
    0x080019ac   0x080019ac   0x0000000c   Code   RO          583    i.Keypad_Init       keypad.o
    0x080019b8   0x080019b8   0x0000000c   Code   RO          584    i.Keypad_InstallCallback  keypad.o
    0x080019c4   0x080019c4   0x00000088   Code   RO          585    i.Keypad_Process    keypad.o
    0x08001a4c   0x08001a4c   0x00000004   Code   RO          625    i.Led_Init          ledseg.o
    0x08001a50   0x08001a50   0x00000060   Code   RO          626    i.Led_Process       ledseg.o
    0x08001ab0   0x08001ab0   0x0000000c   Code   RO          627    i.Led_SetBlink      ledseg.o
    0x08001abc   0x08001abc   0x00000010   Code   RO          628    i.Led_UpdateSetupValue  ledseg.o
    0x08001acc   0x08001acc   0x00000010   Code   RO          629    i.Led_UpdateTemperatureValue  ledseg.o
    0x08001adc   0x08001adc   0x000000bc   Code   RO          148    i.MX_GPIO_Init      gpio.o
    0x08001b98   0x08001b98   0x000000cc   Code   RO          175    i.MX_TIM1_Init      tim.o
    0x08001c64   0x08001c64   0x00000064   Code   RO          176    i.MX_TIM4_Init      tim.o
    0x08001cc8   0x08001cc8   0x00000038   Code   RO          228    i.MX_USART1_UART_Init  usart.o
    0x08001d00   0x08001d00   0x00000002   Code   RO          271    i.MemManage_Handler  stm32f1xx_it.o
    0x08001d02   0x08001d02   0x00000002   Code   RO          272    i.NMI_Handler       stm32f1xx_it.o
    0x08001d04   0x08001d04   0x00000048   Code   RO         3011    i.PID_Controller    pid_1.o
    0x08001d4c   0x08001d4c   0x00000002   Code   RO          273    i.PendSV_Handler    stm32f1xx_it.o
    0x08001d4e   0x08001d4e   0x00000002   Code   RO          274    i.SVC_Handler       stm32f1xx_it.o
    0x08001d50   0x08001d50   0x00000058   Code   RO         3012    i.SetParameters     pid_1.o
    0x08001da8   0x08001da8   0x00000044   Code   RO         3013    i.SetSampleTime     pid_1.o
    0x08001dec   0x08001dec   0x00000004   Code   RO          275    i.SysTick_Handler   stm32f1xx_it.o
    0x08001df0   0x08001df0   0x0000005a   Code   RO           14    i.SystemClock_Config  main.o
    0x08001e4a   0x08001e4a   0x00000002   PAD
    0x08001e4c   0x08001e4c   0x00000048   Code   RO          375    i.SystemInit        system_stm32f1xx.o
    0x08001e94   0x08001e94   0x0000000c   Code   RO          276    i.TIM4_IRQHandler   stm32f1xx_it.o
    0x08001ea0   0x08001ea0   0x0000006c   Code   RO          871    i.TIM_Base_SetConfig  stm32f1xx_hal_tim.o
    0x08001f0c   0x08001f0c   0x00000014   Code   RO          882    i.TIM_ETR_SetConfig  stm32f1xx_hal_tim.o
    0x08001f20   0x08001f20   0x00000010   Code   RO          883    i.TIM_ITRx_SetConfig  stm32f1xx_hal_tim.o
    0x08001f30   0x08001f30   0x00000050   Code   RO          884    i.TIM_OC1_SetConfig  stm32f1xx_hal_tim.o
    0x08001f80   0x08001f80   0x00000058   Code   RO          885    i.TIM_OC2_SetConfig  stm32f1xx_hal_tim.o
    0x08001fd8   0x08001fd8   0x00000058   Code   RO          886    i.TIM_OC3_SetConfig  stm32f1xx_hal_tim.o
    0x08002030   0x08002030   0x00000044   Code   RO          887    i.TIM_OC4_SetConfig  stm32f1xx_hal_tim.o
    0x08002074   0x08002074   0x00000022   Code   RO          889    i.TIM_TI1_ConfigInputStage  stm32f1xx_hal_tim.o
    0x08002096   0x08002096   0x00000024   Code   RO          891    i.TIM_TI2_ConfigInputStage  stm32f1xx_hal_tim.o
    0x080020ba   0x080020ba   0x00000002   PAD
    0x080020bc   0x080020bc   0x000000b8   Code   RO         1760    i.UART_SetConfig    stm32f1xx_hal_uart.o
    0x08002174   0x08002174   0x00000002   Code   RO          277    i.UsageFault_Handler  stm32f1xx_it.o
    0x08002176   0x08002176   0x00000026   Code   RO         3372    i.__ARM_fpclassifyf  m_ws.l(fpclassifyf.o)
    0x0800219c   0x0800219c   0x00000020   Code   RO         2523    i.__NVIC_SetPriority  stm32f1xx_hal_cortex.o
    0x080021bc   0x080021bc   0x0000000a   Code   RO         3374    i.__mathlib_flt_divzero  m_ws.l(funder.o)
    0x080021c6   0x080021c6   0x00000004   Code   RO         3376    i.__mathlib_flt_infnan2  m_ws.l(funder.o)
    0x080021ca   0x080021ca   0x00000008   Code   RO         3377    i.__mathlib_flt_invalid  m_ws.l(funder.o)
    0x080021d2   0x080021d2   0x0000000a   Code   RO         3378    i.__mathlib_flt_overflow  m_ws.l(funder.o)
    0x080021dc   0x080021dc   0x0000000a   Code   RO         3380    i.__mathlib_flt_underflow  m_ws.l(funder.o)
    0x080021e6   0x080021e6   0x0000000e   Code   RO         3441    i.__scatterload_copy  mc_w.l(handlers.o)
    0x080021f4   0x080021f4   0x00000002   Code   RO         3442    i.__scatterload_null  mc_w.l(handlers.o)
    0x080021f6   0x080021f6   0x0000000e   Code   RO         3443    i.__scatterload_zeroinit  mc_w.l(handlers.o)
    0x08002204   0x08002204   0x0000000c   Code   RO         3415    i.__set_errno       mc_w.l(errno.o)
    0x08002210   0x08002210   0x00000060   Code   RO          510    i.ds18b20_readByte  ds18b20.o
    0x08002270   0x08002270   0x00000064   Code   RO          511    i.ds18b20_writeByte  ds18b20.o
    0x080022d4   0x080022d4   0x00000020   Code   RO          512    i.gpio_set_input    ds18b20.o
    0x080022f4   0x080022f4   0x00000024   Code   RO          513    i.gpio_set_output   ds18b20.o
    0x08002318   0x08002318   0x0000005c   Code   RO          630    i.led_DisplayCurrentTemperature  ledseg.o
    0x08002374   0x08002374   0x00000058   Code   RO          631    i.led_DisplaySetTemperature  ledseg.o
    0x080023cc   0x080023cc   0x0000003c   Code   RO          632    i.led_OutData       ledseg.o
    0x08002408   0x08002408   0x00000022   Code   RO           15    i.main              main.o
    0x0800242a   0x0800242a   0x00000002   PAD
    0x0800242c   0x0800242c   0x00000620   Code   RO         3067    i.powf              m_ws.l(powf.o)
    0x08002a4c   0x08002a4c   0x00000010   Data   RO          376    .constdata          system_stm32f1xx.o
    0x08002a5c   0x08002a5c   0x00000008   Data   RO          377    .constdata          system_stm32f1xx.o
    0x08002a64   0x08002a64   0x00000008   Data   RO          586    .constdata          keypad.o
    0x08002a6c   0x08002a6c   0x0000002a   Data   RO          633    .constdata          ledseg.o
    0x08002a96   0x08002a96   0x00000002   PAD
    0x08002a98   0x08002a98   0x00000140   Data   RO         3068    .constdata          m_ws.l(powf.o)
    0x08002bd8   0x08002bd8   0x00000020   Data   RO         3439    Region$$Table       anon$$obj.o


    Execution Region RW_IRAM1 (Exec base: 0x20000000, Load base: 0x08002bf8, Size: 0x000005b0, Max: 0x00005000, ABSOLUTE)

    Exec Addr    Load Addr    Size         Type   Attr      Idx    E Section Name        Object

    0x20000000   0x08002bf8   0x00000004   Data   RW          378    .data               system_stm32f1xx.o
    0x20000004   0x08002bfc   0x0000001c   Data   RW          416    .data               app.o
    0x20000020   0x08002c18   0x0000000c   Data   RW          515    .data               ds18b20.o
    0x2000002c   0x08002c24   0x00000020   Data   RW          587    .data               keypad.o
    0x2000004c   0x08002c44   0x00000048   Data   RW          634    .data               ledseg.o
    0x20000094   0x08002c8c   0x0000000c   Data   RW         2060    .data               stm32f1xx_hal.o
    0x200000a0   0x08002c98   0x00000030   Data   RW         3016    .data               pid_1.o
    0x200000d0   0x08002cc8   0x00000004   Data   RW         3416    .data               mc_w.l(errno.o)
    0x200000d4        -       0x00000080   Zero   RW          177    .bss                tim.o
    0x20000154        -       0x00000040   Zero   RW          229    .bss                usart.o
    0x20000194        -       0x00000010   Zero   RW          514    .bss                ds18b20.o
    0x200001a4        -       0x0000000c   Zero   RW         3015    .bss                pid_1.o
    0x200001b0        -       0x00000400   Zero   RW            1    STACK               startup_stm32f103xb.o


==============================================================================

Image component sizes


      Code (inc. data)   RO Data    RW Data    ZI Data      Debug   Object Name

       356         38          0         28          0       3582   app.o
       568         48          0         12         16       5624   ds18b20.o
       188         12          0          0          0        903   gpio.o
       160         16          8         32          0       3144   keypad.o
       384         42         42         72          0       5390   ledseg.o
       126          0          0          0          0     423152   main.o
       464         50          0         48         12       3895   pid_1.o
        36          8        236          0       1024        792   startup_stm32f103xb.o
       128         24          0         12          0       5653   stm32f1xx_hal.o
       198         14          0          0          0      29475   stm32f1xx_hal_cortex.o
       500         34          0          0          0       3783   stm32f1xx_hal_gpio.o
        60          8          0          0          0        826   stm32f1xx_hal_msp.o
      1272        100          0          0          0       5556   stm32f1xx_hal_rcc.o
      1470         34          0          0          0      15470   stm32f1xx_hal_tim.o
       154          0          0          0          0       3453   stm32f1xx_hal_tim_ex.o
       282          6          0          0          0       2132   stm32f1xx_hal_uart.o
        32          6          0          0          0       4124   stm32f1xx_it.o
        72         16         24          4          0       1191   system_stm32f1xx.o
       464         42          0          0        128       2953   tim.o
       168         20          0          0         64       1602   usart.o

    ----------------------------------------------------------------------
      7098        518        344        208       1244     522700   Object Totals
         0          0         32          0          0          0   (incl. Generated)
        16          0          2          0          0          0   (incl. Padding)

    ----------------------------------------------------------------------

      Code (inc. data)   RO Data    RW Data    ZI Data      Debug   Library Member Name

        38          0          0          0          0         68   fpclassifyf.o
        42          0          0          0          0        340   funder.o
      1568         80        320          0          0        224   powf.o
         0          0          0          0          0          0   entry.o
         0          0          0          0          0          0   entry10a.o
         0          0          0          0          0          0   entry11a.o
         8          4          0          0          0          0   entry2.o
         4          0          0          0          0          0   entry5.o
         0          0          0          0          0          0   entry7b.o
         0          0          0          0          0          0   entry8b.o
         8          4          0          0          0          0   entry9a.o
        12          6          0          4          0         68   errno.o
        30          0          0          0          0          0   handlers.o
        36          8          0          0          0         68   init.o
         0          0          0          0          0          0   iusefp.o
        30          0          0          0          0         68   llshl.o
        36          0          0          0          0         68   llsshr.o
        32          0          0          0          0         68   llushr.o
        36          0          0          0          0        108   memseta.o
        20          0          0          0          0         68   cfcmple.o
        20          0          0          0          0         68   cfrcmple.o
        56          0          0          0          0         88   d2f.o
       334          0          0          0          0        148   dadd.o
       186          0          0          0          0        176   depilogue.o
       228          0          0          0          0         96   dmul.o
        46          0          0          0          0         80   dscalb.o
        38          0          0          0          0         68   f2d.o
       176          0          0          0          0        140   fadd.o
       124          0          0          0          0         88   fdiv.o
       110          0          0          0          0        168   fepilogue.o
        76          0          0          0          0         76   ffixir.o
        40          0          0          0          0         68   ffixui.o
        18          0          0          0          0         68   fflti.o
        10          0          0          0          0         68   ffltui.o
       100          0          0          0          0         76   fmul.o
         4          0          0          0          0         68   fpstat.o
        24          0          0          0          0         68   fscalb.o

    ----------------------------------------------------------------------
      3494        102        320          4          0       2760   Library Totals
         4          0          0          0          0          0   (incl. Padding)

    ----------------------------------------------------------------------

      Code (inc. data)   RO Data    RW Data    ZI Data      Debug   Library Name

      1648         80        320          0          0        632   m_ws.l
       232         22          0          4          0        448   mc_w.l
      1610          0          0          0          0       1680   mf_w.l

    ----------------------------------------------------------------------
      3494        102        320          4          0       2760   Library Totals

    ----------------------------------------------------------------------

==============================================================================


      Code (inc. data)   RO Data    RW Data    ZI Data      Debug   

     10592        620        664        212       1244     519528   Grand Totals
     10592        620        664        212       1244     519528   ELF Image Totals
     10592        620        664        212          0          0   ROM Totals

==============================================================================

    Total RO  Size (Code + RO Data)                11256 (  10.99kB)
    Total RW  Size (RW Data + ZI Data)              1456 (   1.42kB)
    Total ROM Size (Code + RO Data + RW Data)      11468 (  11.20kB)

==============================================================================

